Component: Arm Compiler for Embedded 6.19 Tool: armlink [5e73cb00]

==============================================================================

Section Cross References

    startup_stm32f100xb.o(STACK) refers (Special) to heapauxi.o(.text) for __use_two_region_memory
    startup_stm32f100xb.o(HEAP) refers (Special) to heapauxi.o(.text) for __use_two_region_memory
    startup_stm32f100xb.o(RESET) refers (Special) to heapauxi.o(.text) for __use_two_region_memory
    startup_stm32f100xb.o(RESET) refers to startup_stm32f100xb.o(STACK) for __initial_sp
    startup_stm32f100xb.o(RESET) refers to startup_stm32f100xb.o(.text) for Reset_Handler
    startup_stm32f100xb.o(RESET) refers to stm32f1xx_it.o(.text.NMI_Handler) for NMI_Handler
    startup_stm32f100xb.o(RESET) refers to stm32f1xx_it.o(.text.HardFault_Handler) for HardFault_Handler
    startup_stm32f100xb.o(RESET) refers to stm32f1xx_it.o(.text.MemManage_Handler) for MemManage_Handler
    startup_stm32f100xb.o(RESET) refers to stm32f1xx_it.o(.text.BusFault_Handler) for BusFault_Handler
    startup_stm32f100xb.o(RESET) refers to stm32f1xx_it.o(.text.UsageFault_Handler) for UsageFault_Handler
    startup_stm32f100xb.o(RESET) refers to stm32f1xx_it.o(.text.SVC_Handler) for SVC_Handler
    startup_stm32f100xb.o(RESET) refers to stm32f1xx_it.o(.text.DebugMon_Handler) for DebugMon_Handler
    startup_stm32f100xb.o(RESET) refers to stm32f1xx_it.o(.text.PendSV_Handler) for PendSV_Handler
    startup_stm32f100xb.o(RESET) refers to stm32f1xx_it.o(.text.SysTick_Handler) for SysTick_Handler
    startup_stm32f100xb.o(RESET) refers to stm32f1xx_it.o(.text.EXTI0_IRQHandler) for EXTI0_IRQHandler
    startup_stm32f100xb.o(RESET) refers to stm32f1xx_it.o(.text.TIM2_IRQHandler) for TIM2_IRQHandler
    startup_stm32f100xb.o(RESET) refers to stm32f1xx_it.o(.text.TIM3_IRQHandler) for TIM3_IRQHandler
    startup_stm32f100xb.o(RESET) refers to stm32f1xx_it.o(.text.EXTI15_10_IRQHandler) for EXTI15_10_IRQHandler
    startup_stm32f100xb.o(.text) refers (Special) to heapauxi.o(.text) for __use_two_region_memory
    startup_stm32f100xb.o(.text) refers to system_stm32f1xx.o(.text.SystemInit) for SystemInit
    startup_stm32f100xb.o(.text) refers to __main.o(!!!main) for __main
    startup_stm32f100xb.o(.text) refers to startup_stm32f100xb.o(HEAP) for Heap_Mem
    startup_stm32f100xb.o(.text) refers to startup_stm32f100xb.o(STACK) for Stack_Mem
    main.o(.text.HAL_TIM_PeriodElapsedCallback) refers to handle_interupt.o(.text.Handle_Timer_Interupt) for Handle_Timer_Interupt
    main.o(.text.HAL_TIM_PeriodElapsedCallback) refers to stm32f1xx_hal_gpio.o(.text.HAL_GPIO_TogglePin) for HAL_GPIO_TogglePin
    main.o(.ARM.exidx.text.HAL_TIM_PeriodElapsedCallback) refers to main.o(.text.HAL_TIM_PeriodElapsedCallback) for [Anonymous Symbol]
    main.o(.text.main) refers to stm32f1xx_hal.o(.text.HAL_Init) for HAL_Init
    main.o(.text.main) refers to rt_memclr_w.o(.text) for __aeabi_memclr4
    main.o(.text.main) refers to stm32f1xx_hal_rcc.o(.text.HAL_RCC_OscConfig) for HAL_RCC_OscConfig
    main.o(.text.main) refers to stm32f1xx_hal_rcc.o(.text.HAL_RCC_ClockConfig) for HAL_RCC_ClockConfig
    main.o(.text.main) refers to stm32f1xx_hal_rcc_ex.o(.text.HAL_RCCEx_PeriphCLKConfig) for HAL_RCCEx_PeriphCLKConfig
    main.o(.text.main) refers to stm32f1xx_hal_gpio.o(.text.HAL_GPIO_WritePin) for HAL_GPIO_WritePin
    main.o(.text.main) refers to stm32f1xx_hal_gpio.o(.text.HAL_GPIO_Init) for HAL_GPIO_Init
    main.o(.text.main) refers to stm32f1xx_hal_cortex.o(.text.HAL_NVIC_SetPriority) for HAL_NVIC_SetPriority
    main.o(.text.main) refers to stm32f1xx_hal_cortex.o(.text.HAL_NVIC_EnableIRQ) for HAL_NVIC_EnableIRQ
    main.o(.text.main) refers to main.o(.bss..L_MergedGlobals) for .L_MergedGlobals
    main.o(.text.main) refers to stm32f1xx_hal_uart.o(.text.HAL_UART_Init) for HAL_UART_Init
    main.o(.text.main) refers to main.o(.bss.htim2) for htim2
    main.o(.text.main) refers to stm32f1xx_hal_tim.o(.text.HAL_TIM_Base_Init) for HAL_TIM_Base_Init
    main.o(.text.main) refers to stm32f1xx_hal_tim.o(.text.HAL_TIM_ConfigClockSource) for HAL_TIM_ConfigClockSource
    main.o(.text.main) refers to stm32f1xx_hal_tim_ex.o(.text.HAL_TIMEx_MasterConfigSynchronization) for HAL_TIMEx_MasterConfigSynchronization
    main.o(.text.main) refers to main.o(.bss.htim3) for htim3
    main.o(.text.main) refers to stm32f1xx_hal_rtc.o(.text.HAL_RTC_Init) for HAL_RTC_Init
    main.o(.text.main) refers to stm32f1xx_hal_rtc.o(.text.HAL_RTC_SetTime) for HAL_RTC_SetTime
    main.o(.text.main) refers to stm32f1xx_hal_rtc.o(.text.HAL_RTC_SetDate) for HAL_RTC_SetDate
    main.o(.text.main) refers to main.o(.rodata.str1.1) for .L.str
    main.o(.text.main) refers to stm32f1xx_hal_uart.o(.text.HAL_UART_Transmit) for HAL_UART_Transmit
    main.o(.text.main) refers to flash_memory.o(.text.init_flash_memory) for init_flash_memory
    main.o(.text.main) refers to stm32f1xx_hal.o(.text.HAL_Delay) for HAL_Delay
[...]
    Removing stm32f1xx_hal_uart.o(.text.HAL_UART_GetError), (4 bytes).
    Removing stm32f1xx_hal_uart.o(.ARM.exidx.text.HAL_UART_GetError), (8 bytes).
    Removing stm32f1xx_hal_uart.o(.text.UART_DMAReceiveCplt), (76 bytes).
    Removing stm32f1xx_hal_uart.o(.ARM.exidx.text.UART_DMAReceiveCplt), (8 bytes).
    Removing stm32f1xx_hal_uart.o(.text.UART_DMARxHalfCplt), (20 bytes).
    Removing stm32f1xx_hal_uart.o(.ARM.exidx.text.UART_DMARxHalfCplt), (8 bytes).
    Removing system_stm32f1xx.o(.text), (0 bytes).
    Removing system_stm32f1xx.o(.ARM.exidx.text.SystemInit), (8 bytes).
    Removing system_stm32f1xx.o(.text.SystemCoreClockUpdate), (104 bytes).
    Removing system_stm32f1xx.o(.ARM.exidx.text.SystemCoreClockUpdate), (8 bytes).
    Removing ir_remote.o(.text), (0 bytes).
    Removing ir_remote.o(.ARM.exidx.text.get_result_ir), (8 bytes).
    Removing ir_remote.o(.ARM.exidx.text.encode_ir), (8 bytes).
    Removing ir_remote.o(.ARM.exidx.text.Delay_us), (8 bytes).
    Removing flash_memory.o(.text), (0 bytes).
    Removing flash_memory.o(.text.resest_flash), (216 bytes).
    Removing flash_memory.o(.ARM.exidx.text.resest_flash), (8 bytes).
    Removing flash_memory.o(.ARM.exidx.text.write_flash), (8 bytes).
    Removing flash_memory.o(.ARM.exidx.text.read_variable_from_flash), (8 bytes).
    Removing flash_memory.o(.text.read_flash), (296 bytes).
    Removing flash_memory.o(.ARM.exidx.text.read_flash), (8 bytes).
    Removing flash_memory.o(.ARM.exidx.text.Flash_Write_Data), (8 bytes).
    Removing flash_memory.o(.text.Flash_Read_Data), (106 bytes).
    Removing flash_memory.o(.ARM.exidx.text.Flash_Read_Data), (8 bytes).
    Removing flash_memory.o(.ARM.exidx.text.init_flash_memory), (8 bytes).
    Removing ic_audio.o(.text), (0 bytes).
    Removing ic_audio.o(.text.Convert_pin_control_or_stt_play_to_pin), (122 bytes).
    Removing ic_audio.o(.ARM.exidx.text.Convert_pin_control_or_stt_play_to_pin), (8 bytes).
    Removing ic_audio.o(.ARM.exidx.text.convert_pin_control_to_time_record), (8 bytes).
    Removing ic_audio.o(.ARM.exidx.text.stt_play_to_time_record), (8 bytes).
    Removing ic_audio.o(.ARM.exidx.text.Start_record), (8 bytes).
    Removing ic_audio.o(.ARM.exidx.text.Stop_record), (8 bytes).
    Removing ic_audio.o(.ARM.exidx.text.Start_play), (8 bytes).
    Removing ic_audio.o(.ARM.exidx.text.Stop_play), (8 bytes).
    Removing handle_interupt.o(.text), (0 bytes).
    Removing handle_interupt.o(.text.handel_no_event), (292 bytes).
    Removing handle_interupt.o(.ARM.exidx.text.handel_no_event), (8 bytes).
    Removing handle_interupt.o(.ARM.exidx.text.HAL_GPIO_EXTI_Callback), (8 bytes).
    Removing handle_interupt.o(.ARM.exidx.text.Handle_Timer_Interupt), (8 bytes).
    Removing handle_interupt.o(.text.StanbyMode), (72 bytes).
    Removing handle_interupt.o(.ARM.exidx.text.StanbyMode), (8 bytes).
    Removing handle_interupt.o(.ARM.exidx.text.Enter_Standby_Mode), (8 bytes).
    Removing handle_interupt.o(.text.Handle_Record_Button_Event), (128 bytes).
    Removing handle_interupt.o(.ARM.exidx.text.Handle_Record_Button_Event), (8 bytes).
    Removing handle_interupt.o(.ARM.exidx.text.Handle_Play_Button_Event), (8 bytes).
    Removing handle_interupt.o(.ARM.exidx.text.Handle_Back_Button_Event), (8 bytes).
    Removing handle_interupt.o(.ARM.exidx.text.handle_event), (8 bytes).

778 unused section(s) (total 41281 bytes) removed from the image.

==============================================================================

Image Symbol Table

    Local Symbols

    Symbol Name                              Value     Ov Type        Size  Object(Section)

    ../clib/angel/boardlib.s                 0x00000000   Number         0  boardinit1.o ABSOLUTE
    ../clib/angel/boardlib.s                 0x00000000   Number         0  boardinit2.o ABSOLUTE
    ../clib/angel/boardlib.s                 0x00000000   Number         0  boardinit3.o ABSOLUTE
    ../clib/angel/boardlib.s                 0x00000000   Number         0  boardshut.o ABSOLUTE
    ../clib/angel/handlers.s                 0x00000000   Number         0  __scatter_copy.o ABSOLUTE
    ../clib/angel/handlers.s                 0x00000000   Number         0  __scatter_zi.o ABSOLUTE
    ../clib/angel/kernel.s                   0x00000000   Number         0  __rtentry.o ABSOLUTE
    ../clib/angel/kernel.s                   0x00000000   Number         0  __rtentry2.o ABSOLUTE
    ../clib/angel/kernel.s                   0x00000000   Number         0  __rtentry4.o ABSOLUTE
    ../clib/angel/kernel.s                   0x00000000   Number         0  rtexit.o ABSOLUTE
    ../clib/angel/kernel.s                   0x00000000   Number         0  rtexit2.o ABSOLUTE
    ../clib/angel/rt.s                       0x00000000   Number         0  rt_raise.o ABSOLUTE
    ../clib/angel/scatter.s                  0x00000000   Number         0  __scatter.o ABSOLUTE
    ../clib/angel/startup.s                  0x00000000   Number         0  __main.o ABSOLUTE
    ../clib/angel/sys.s                      0x00000000   Number         0  sys_stackheap_outer.o ABSOLUTE
    ../clib/angel/sys.s                      0x00000000   Number         0  libspace.o ABSOLUTE
    ../clib/angel/sys.s                      0x00000000   Number         0  use_no_semi.o ABSOLUTE
    ../clib/angel/sys.s                      0x00000000   Number         0  indicate_semi.o ABSOLUTE
    ../clib/angel/sysapp.c                   0x00000000   Number         0  sys_exit.o ABSOLUTE
    ../clib/angel/sysapp.c                   0x00000000   Number         0  sys_exit_hlt.o ABSOLUTE
    ../clib/angel/sysapp.c                   0x00000000   Number         0  sys_command.o ABSOLUTE
    ../clib/angel/sysapp.c                   0x00000000   Number         0  sys_command_hlt.o ABSOLUTE
    ../clib/angel/sysapp.c                   0x00000000   Number         0  sys_wrch.o ABSOLUTE
    ../clib/angel/sysapp.c                   0x00000000   Number         0  sys_wrch_hlt.o ABSOLUTE
    ../clib/armsys.c                         0x00000000   Number         0  argv_veneer.o ABSOLUTE
    ../clib/armsys.c                         0x00000000   Number         0  argv_veneer.o ABSOLUTE
    ../clib/armsys.c                         0x00000000   Number         0  _get_argv_nomalloc.o ABSOLUTE
    ../clib/armsys.c                         0x00000000   Number         0  no_argv.o ABSOLUTE
    ../clib/heapalloc.c                      0x00000000   Number         0  hrguard.o ABSOLUTE
    ../clib/heapaux.c                        0x00000000   Number         0  heapauxi.o ABSOLUTE
    ../clib/libinit.s                        0x00000000   Number         0  libinit.o ABSOLUTE
    ../clib/libinit.s                        0x00000000   Number         0  libinit2.o ABSOLUTE
    ../clib/libinit.s                        0x00000000   Number         0  libshutdown.o ABSOLUTE
    ../clib/libinit.s                        0x00000000   Number         0  libshutdown2.o ABSOLUTE
    ../clib/memcpset.s                       0x00000000   Number         0  rt_memcpy_w.o ABSOLUTE
    ../clib/memcpset.s                       0x00000000   Number         0  rt_memclr_w.o ABSOLUTE
    ../clib/printf.c                         0x00000000   Number         0  __2sprintf.o ABSOLUTE
    ../clib/printf.c                         0x00000000   Number         0  noretval__2sprintf.o ABSOLUTE
    ../clib/printf.c                         0x00000000   Number         0  __printf.o ABSOLUTE
    ../clib/printf.c                         0x00000000   Number         0  _printf_dec.o ABSOLUTE
    ../clib/printf.c                         0x00000000   Number         0  __printf_flags.o ABSOLUTE
    ../clib/printf.c                         0x00000000   Number         0  __printf_ss.o ABSOLUTE
    ../clib/printf.c                         0x00000000   Number         0  __printf_flags_ss.o ABSOLUTE
    ../clib/printf.c                         0x00000000   Number         0  __printf_wp.o ABSOLUTE
    ../clib/printf.c                         0x00000000   Number         0  __printf_flags_wp.o ABSOLUTE
    ../clib/printf.c                         0x00000000   Number         0  __printf_ss_wp.o ABSOLUTE
    ../clib/printf.c                         0x00000000   Number         0  __printf_flags_ss_wp.o ABSOLUTE
    ../clib/printf.c                         0x00000000   Number         0  _printf_intcommon.o ABSOLUTE
    ../clib/printf.c                         0x00000000   Number         0  _printf_char_common.o ABSOLUTE
    ../clib/printf.c                         0x00000000   Number         0  _sputc.o ABSOLUTE
    ../clib/printf.c                         0x00000000   Number         0  __printf_nopercent.o ABSOLUTE
    ../clib/printf_percent.s                 0x00000000   Number         0  _printf_d.o ABSOLUTE
    ../clib/printf_percent.s                 0x00000000   Number         0  _printf_percent.o ABSOLUTE
    ../clib/printf_percent.s                 0x00000000   Number         0  _printf_percent_end.o ABSOLUTE
    ../clib/signal.c                         0x00000000   Number         0  defsig_rtmem_outer.o ABSOLUTE
    ../clib/signal.c                         0x00000000   Number         0  defsig_rtmem_formal.o ABSOLUTE
    ../clib/signal.c                         0x00000000   Number         0  defsig_exit.o ABSOLUTE
    ../clib/signal.c                         0x00000000   Number         0  defsig_rtmem_inner.o ABSOLUTE
    ../clib/signal.c                         0x00000000   Number         0  __raise.o ABSOLUTE
    ../clib/signal.c                         0x00000000   Number         0  defsig_general.o ABSOLUTE
    ../clib/signal.c                         0x00000000   Number         0  defsig_abrt_inner.o ABSOLUTE
    ../clib/signal.c                         0x00000000   Number         0  defsig_fpe_inner.o ABSOLUTE
    ../clib/signal.c                         0x00000000   Number         0  defsig_rtred_inner.o ABSOLUTE
    ../clib/signal.c                         0x00000000   Number         0  defsig_stak_inner.o ABSOLUTE
    ../clib/signal.c                         0x00000000   Number         0  defsig_pvfn_inner.o ABSOLUTE
    ../clib/signal.c                         0x00000000   Number         0  defsig_cppl_inner.o ABSOLUTE
    ../clib/signal.c                         0x00000000   Number         0  defsig_segv_inner.o ABSOLUTE
    ../clib/signal.c                         0x00000000   Number         0  defsig_other.o ABSOLUTE
    ../clib/signal.s                         0x00000000   Number         0  defsig.o ABSOLUTE
    ../clib/stdlib.c                         0x00000000   Number         0  exit.o ABSOLUTE
    ../clib/string.c                         0x00000000   Number         0  strlen.o ABSOLUTE
    ../fplib/fpinit.s                        0x00000000   Number         0  fpinit.o ABSOLUTE
    ../fplib/fpinit_empty.s                  0x00000000   Number         0  fpinit_empty.o ABSOLUTE
    dc.s                                     0x00000000   Number         0  dc.o ABSOLUTE
    flash_memory.c                           0x00000000   Number         0  flash_memory.o ABSOLUTE
    handle_interupt.c                        0x00000000   Number         0  handle_interupt.o ABSOLUTE
    ic_audio.c                               0x00000000   Number         0  ic_audio.o ABSOLUTE
    ir_remote.c                              0x00000000   Number         0  ir_remote.o ABSOLUTE
    main.c                                   0x00000000   Number         0  main.o ABSOLUTE
    startup_stm32f100xb.s                    0x00000000   Number         0  startup_stm32f100xb.o ABSOLUTE
    stm32f1xx_hal.c                          0x00000000   Number         0  stm32f1xx_hal.o ABSOLUTE
    stm32f1xx_hal_cortex.c                   0x00000000   Number         0  stm32f1xx_hal_cortex.o ABSOLUTE
    stm32f1xx_hal_dma.c                      0x00000000   Number         0  stm32f1xx_hal_dma.o ABSOLUTE
    stm32f1xx_hal_exti.c                     0x00000000   Number         0  stm32f1xx_hal_exti.o ABSOLUTE
    stm32f1xx_hal_flash.c                    0x00000000   Number         0  stm32f1xx_hal_flash.o ABSOLUTE
    stm32f1xx_hal_flash_ex.c                 0x00000000   Number         0  stm32f1xx_hal_flash_ex.o ABSOLUTE
    stm32f1xx_hal_gpio.c                     0x00000000   Number         0  stm32f1xx_hal_gpio.o ABSOLUTE
    stm32f1xx_hal_gpio_ex.c                  0x00000000   Number         0  stm32f1xx_hal_gpio_ex.o ABSOLUTE
    stm32f1xx_hal_msp.c                      0x00000000   Number         0  stm32f1xx_hal_msp.o ABSOLUTE
    stm32f1xx_hal_pwr.c                      0x00000000   Number         0  stm32f1xx_hal_pwr.o ABSOLUTE
    stm32f1xx_hal_rcc.c                      0x00000000   Number         0  stm32f1xx_hal_rcc.o ABSOLUTE
    stm32f1xx_hal_rcc_ex.c                   0x00000000   Number         0  stm32f1xx_hal_rcc_ex.o ABSOLUTE
    stm32f1xx_hal_rtc.c                      0x00000000   Number         0  stm32f1xx_hal_rtc.o ABSOLUTE
    stm32f1xx_hal_rtc_ex.c                   0x00000000   Number         0  stm32f1xx_hal_rtc_ex.o ABSOLUTE
    stm32f1xx_hal_tim.c                      0x00000000   Number         0  stm32f1xx_hal_tim.o ABSOLUTE
    stm32f1xx_hal_tim_ex.c                   0x00000000   Number         0  stm32f1xx_hal_tim_ex.o ABSOLUTE
    stm32f1xx_hal_uart.c                     0x00000000   Number         0  stm32f1xx_hal_uart.o ABSOLUTE
    stm32f1xx_it.c                           0x00000000   Number         0  stm32f1xx_it.o ABSOLUTE
    system_stm32f1xx.c                       0x00000000   Number         0  system_stm32f1xx.o ABSOLUTE
    RESET                                    0x08000000   Section      288  startup_stm32f100xb.o(RESET)
    !!!main                                  0x08000120   Section        8  __main.o(!!!main)
    !!!scatter                               0x08000128   Section       52  __scatter.o(!!!scatter)
    !!handler_copy                           0x0800015c   Section       26  __scatter_copy.o(!!handler_copy)
    !!handler_zi                             0x08000178   Section       28  __scatter_zi.o(!!handler_zi)
    .ARM.Collect$$_printf_percent$$00000000  0x08000194   Section        0  _printf_percent.o(.ARM.Collect$$_printf_percent$$00000000)
    .ARM.Collect$$_printf_percent$$00000009  0x08000194   Section        6  _printf_d.o(.ARM.Collect$$_printf_percent$$00000009)
    .ARM.Collect$$_printf_percent$$00000017  0x0800019a   Section        4  _printf_percent_end.o(.ARM.Collect$$_printf_percent$$00000017)
    .ARM.Collect$$libinit$$00000000          0x0800019e   Section        2  libinit.o(.ARM.Collect$$libinit$$00000000)
    .ARM.Collect$$libinit$$00000002          0x080001a0   Section        0  libinit2.o(.ARM.Collect$$libinit$$00000002)
    .ARM.Collect$$libinit$$00000004          0x080001a0   Section        0  libinit2.o(.ARM.Collect$$libinit$$00000004)
    .ARM.Collect$$libinit$$00000006          0x080001a0   Section        0  libinit2.o(.ARM.Collect$$libinit$$00000006)
    .ARM.Collect$$libinit$$0000000C          0x080001a0   Section        0  libinit2.o(.ARM.Collect$$libinit$$0000000C)
    .ARM.Collect$$libinit$$0000000E          0x080001a0   Section        0  libinit2.o(.ARM.Collect$$libinit$$0000000E)
    .ARM.Collect$$libinit$$00000010          0x080001a0   Section        0  libinit2.o(.ARM.Collect$$libinit$$00000010)
    .ARM.Collect$$libinit$$00000013          0x080001a0   Section        0  libinit2.o(.ARM.Collect$$libinit$$00000013)
    .ARM.Collect$$libinit$$00000015          0x080001a0   Section        0  libinit2.o(.ARM.Collect$$libinit$$00000015)
    .ARM.Collect$$libinit$$00000017          0x080001a0   Section        0  libinit2.o(.ARM.Collect$$libinit$$00000017)
    .ARM.Collect$$libinit$$00000019          0x080001a0   Section        0  libinit2.o(.ARM.Collect$$libinit$$00000019)
    .ARM.Collect$$libinit$$0000001B          0x080001a0   Section        0  libinit2.o(.ARM.Collect$$libinit$$0000001B)
    .ARM.Collect$$libinit$$0000001D          0x080001a0   Section        0  libinit2.o(.ARM.Collect$$libinit$$0000001D)
    .ARM.Collect$$libinit$$0000001F          0x080001a0   Section        0  libinit2.o(.ARM.Collect$$libinit$$0000001F)
    .ARM.Collect$$libinit$$00000021          0x080001a0   Section        0  libinit2.o(.ARM.Collect$$libinit$$00000021)
    .ARM.Collect$$libinit$$00000023          0x080001a0   Section        0  libinit2.o(.ARM.Collect$$libinit$$00000023)
    .ARM.Collect$$libinit$$00000025          0x080001a0   Section        0  libinit2.o(.ARM.Collect$$libinit$$00000025)
    .ARM.Collect$$libinit$$00000027          0x080001a0   Section        0  libinit2.o(.ARM.Collect$$libinit$$00000027)
    .ARM.Collect$$libinit$$0000002E          0x080001a0   Section        0  libinit2.o(.ARM.Collect$$libinit$$0000002E)
    .ARM.Collect$$libinit$$00000030          0x080001a0   Section        0  libinit2.o(.ARM.Collect$$libinit$$00000030)
    .ARM.Collect$$libinit$$00000032          0x080001a0   Section        0  libinit2.o(.ARM.Collect$$libinit$$00000032)
    .ARM.Collect$$libinit$$00000034          0x080001a0   Section        0  libinit2.o(.ARM.Collect$$libinit$$00000034)
    .ARM.Collect$$libinit$$00000035          0x080001a0   Section        2  libinit2.o(.ARM.Collect$$libinit$$00000035)
    .ARM.Collect$$libshutdown$$00000000      0x080001a2   Section        2  libshutdown.o(.ARM.Collect$$libshutdown$$00000000)
    .ARM.Collect$$libshutdown$$00000002      0x080001a4   Section        0  libshutdown2.o(.ARM.Collect$$libshutdown$$00000002)
    .ARM.Collect$$libshutdown$$00000004      0x080001a4   Section        0  libshutdown2.o(.ARM.Collect$$libshutdown$$00000004)
    .ARM.Collect$$libshutdown$$00000007      0x080001a4   Section        0  libshutdown2.o(.ARM.Collect$$libshutdown$$00000007)
    .ARM.Collect$$libshutdown$$0000000A      0x080001a4   Section        0  libshutdown2.o(.ARM.Collect$$libshutdown$$0000000A)
    .ARM.Collect$$libshutdown$$0000000C      0x080001a4   Section        0  libshutdown2.o(.ARM.Collect$$libshutdown$$0000000C)
    .ARM.Collect$$libshutdown$$0000000F      0x080001a4   Section        0  libshutdown2.o(.ARM.Collect$$libshutdown$$0000000F)
    .ARM.Collect$$libshutdown$$00000010      0x080001a4   Section        2  libshutdown2.o(.ARM.Collect$$libshutdown$$00000010)
    .ARM.Collect$$rtentry$$00000000          0x080001a6   Section        0  __rtentry.o(.ARM.Collect$$rtentry$$00000000)
    .ARM.Collect$$rtentry$$00000002          0x080001a6   Section        0  __rtentry2.o(.ARM.Collect$$rtentry$$00000002)
    .ARM.Collect$$rtentry$$00000004          0x080001a6   Section        6  __rtentry4.o(.ARM.Collect$$rtentry$$00000004)
    .ARM.Collect$$rtentry$$00000009          0x080001ac   Section        0  __rtentry2.o(.ARM.Collect$$rtentry$$00000009)
    .ARM.Collect$$rtentry$$0000000A          0x080001ac   Section        4  __rtentry2.o(.ARM.Collect$$rtentry$$0000000A)
    .ARM.Collect$$rtentry$$0000000C          0x080001b0   Section        0  __rtentry2.o(.ARM.Collect$$rtentry$$0000000C)
    .ARM.Collect$$rtentry$$0000000D          0x080001b0   Section        8  __rtentry2.o(.ARM.Collect$$rtentry$$0000000D)
    .ARM.Collect$$rtexit$$00000000           0x080001b8   Section        2  rtexit.o(.ARM.Collect$$rtexit$$00000000)
    .ARM.Collect$$rtexit$$00000002           0x080001ba   Section        0  rtexit2.o(.ARM.Collect$$rtexit$$00000002)
    .ARM.Collect$$rtexit$$00000003           0x080001ba   Section        4  rtexit2.o(.ARM.Collect$$rtexit$$00000003)
    .ARM.Collect$$rtexit$$00000004           0x080001be   Section        6  rtexit2.o(.ARM.Collect$$rtexit$$00000004)
    .text                                    0x080001c4   Section       64  startup_stm32f100xb.o(.text)
    .text                                    0x08000204   Section        0  noretval__2sprintf.o(.text)
    .text                                    0x0800022c   Section        0  __printf.o(.text)
    .text                                    0x08000294   Section        0  _printf_dec.o(.text)
    .text                                    0x0800030c   Section        0  strlen.o(.text)
    .text                                    0x0800034a   Section      100  rt_memcpy_w.o(.text)
    .text                                    0x080003ae   Section       78  rt_memclr_w.o(.text)
    .text                                    0x080003fc   Section        0  heapauxi.o(.text)
    .text                                    0x08000402   Section        0  _printf_intcommon.o(.text)
    _printf_input_char                       0x080004b5   Thumb Code    10  _printf_char_common.o(.text)
    .text                                    0x080004b4   Section        0  _printf_char_common.o(.text)
    .text                                    0x080004e4   Section        0  _sputc.o(.text)
    .text                                    0x080004ee   Section       74  sys_stackheap_outer.o(.text)
    .text                                    0x08000538   Section        0  exit.o(.text)
    .text                                    0x0800054c   Section        8  libspace.o(.text)
    .text                                    0x08000554   Section        0  sys_exit.o(.text)
    .text                                    0x08000560   Section        2  use_no_semi.o(.text)
    .text                                    0x08000562   Section        0  indicate_semi.o(.text)
    [Anonymous Symbol]                       0x08000564   Section        0  stm32f1xx_it.o(.text.BusFault_Handler)
    [Anonymous Symbol]                       0x08000568   Section        0  stm32f1xx_it.o(.text.DebugMon_Handler)
    Delay_us                                 0x0800056d   Thumb Code   130  ir_remote.o(.text.Delay_us)
    [Anonymous Symbol]                       0x0800056c   Section        0  ir_remote.o(.text.Delay_us)
    [Anonymous Symbol]                       0x080005f0   Section        0  stm32f1xx_it.o(.text.EXTI0_IRQHandler)
    [Anonymous Symbol]                       0x080005f8   Section        0  stm32f1xx_it.o(.text.EXTI15_10_IRQHandler)
    [Anonymous Symbol]                       0x08000618   Section        0  handle_interupt.o(.text.Enter_Standby_Mode)
    [Anonymous Symbol]                       0x0800069c   Section        0  stm32f1xx_hal_flash.o(.text.FLASH_WaitForLastOperation)
    [Anonymous Symbol]                       0x0800077c   Section        0  flash_memory.o(.text.Flash_Write_Data)
    [Anonymous Symbol]                       0x080007d8   Section        0  stm32f1xx_hal.o(.text.HAL_Delay)
    [Anonymous Symbol]                       0x08000800   Section        0  stm32f1xx_hal_flash_ex.o(.text.HAL_FLASHEx_Erase)
    [Anonymous Symbol]                       0x080008f0   Section        0  stm32f1xx_hal_flash.o(.text.HAL_FLASH_GetError)
    [Anonymous Symbol]                       0x080008fc   Section        0  stm32f1xx_hal_flash.o(.text.HAL_FLASH_Lock)
    [Anonymous Symbol]                       0x08000910   Section        0  stm32f1xx_hal_flash.o(.text.HAL_FLASH_Program)
    [Anonymous Symbol]                       0x080009bc   Section        0  stm32f1xx_hal_flash.o(.text.HAL_FLASH_Unlock)
    [Anonymous Symbol]                       0x080009ec   Section        0  handle_interupt.o(.text.HAL_GPIO_EXTI_Callback)
    [Anonymous Symbol]                       0x08000ba0   Section        0  stm32f1xx_hal_gpio.o(.text.HAL_GPIO_EXTI_IRQHandler)
    [Anonymous Symbol]                       0x08000bb8   Section        0  stm32f1xx_hal_gpio.o(.text.HAL_GPIO_Init)
    [Anonymous Symbol]                       0x08000dd4   Section        0  stm32f1xx_hal_gpio.o(.text.HAL_GPIO_ReadPin)
    [Anonymous Symbol]                       0x08000de0   Section        0  stm32f1xx_hal_gpio.o(.text.HAL_GPIO_TogglePin)
    [Anonymous Symbol]                       0x08000df0   Section        0  stm32f1xx_hal_gpio.o(.text.HAL_GPIO_WritePin)
    [Anonymous Symbol]                       0x08000dfc   Section        0  stm32f1xx_hal.o(.text.HAL_GetTick)
    [Anonymous Symbol]                       0x08000e08   Section        0  stm32f1xx_hal.o(.text.HAL_IncTick)
    [Anonymous Symbol]                       0x08000e24   Section        0  stm32f1xx_hal.o(.text.HAL_Init)
    [Anonymous Symbol]                       0x08000e3c   Section        0  stm32f1xx_hal.o(.text.HAL_InitTick)
    [Anonymous Symbol]                       0x08000e84   Section        0  stm32f1xx_hal_msp.o(.text.HAL_MspInit)
    [Anonymous Symbol]                       0x08000eb8   Section        0  stm32f1xx_hal_cortex.o(.text.HAL_NVIC_EnableIRQ)
    [Anonymous Symbol]                       0x08000ee0   Section        0  stm32f1xx_hal_cortex.o(.text.HAL_NVIC_SetPriority)
    [Anonymous Symbol]                       0x08000f38   Section        0  stm32f1xx_hal_cortex.o(.text.HAL_NVIC_SetPriorityGrouping)
    [Anonymous Symbol]                       0x08000f58   Section        0  stm32f1xx_hal_pwr.o(.text.HAL_PWR_DisableWakeUpPin)
    [Anonymous Symbol]                       0x08000f70   Section        0  stm32f1xx_hal_pwr.o(.text.HAL_PWR_EnableBkUpAccess)
    [Anonymous Symbol]                       0x08000f7c   Section        0  stm32f1xx_hal_pwr.o(.text.HAL_PWR_EnableWakeUpPin)
    [Anonymous Symbol]                       0x08000f94   Section        0  stm32f1xx_hal_pwr.o(.text.HAL_PWR_EnterSTANDBYMode)
    [Anonymous Symbol]                       0x08000fb8   Section        0  stm32f1xx_hal_rcc_ex.o(.text.HAL_RCCEx_GetPeriphCLKFreq)
    [Anonymous Symbol]                       0x08001030   Section        0  stm32f1xx_hal_rcc_ex.o(.text.HAL_RCCEx_PeriphCLKConfig)
    [Anonymous Symbol]                       0x08001130   Section        0  stm32f1xx_hal_rcc.o(.text.HAL_RCC_ClockConfig)
    [Anonymous Symbol]                       0x0800126c   Section        0  stm32f1xx_hal_rcc.o(.text.HAL_RCC_GetPCLK1Freq)
    [Anonymous Symbol]                       0x08001294   Section        0  stm32f1xx_hal_rcc.o(.text.HAL_RCC_GetPCLK2Freq)
    [Anonymous Symbol]                       0x080012bc   Section        0  stm32f1xx_hal_rcc.o(.text.HAL_RCC_OscConfig)
    [Anonymous Symbol]                       0x08001670   Section        0  stm32f1xx_hal_rtc.o(.text.HAL_RTC_Init)
    [Anonymous Symbol]                       0x0800176c   Section        0  stm32f1xx_hal_msp.o(.text.HAL_RTC_MspInit)
    [Anonymous Symbol]                       0x080017b4   Section        0  stm32f1xx_hal_rtc.o(.text.HAL_RTC_SetDate)
    [Anonymous Symbol]                       0x080019c4   Section        0  stm32f1xx_hal_rtc.o(.text.HAL_RTC_SetTime)
    [Anonymous Symbol]                       0x08001b24   Section        0  stm32f1xx_hal_cortex.o(.text.HAL_SYSTICK_Config)
    [Anonymous Symbol]                       0x08001b50   Section        0  stm32f1xx_hal_tim_ex.o(.text.HAL_TIMEx_BreakCallback)
    [Anonymous Symbol]                       0x08001b54   Section        0  stm32f1xx_hal_tim_ex.o(.text.HAL_TIMEx_CommutCallback)
    [Anonymous Symbol]                       0x08001b58   Section        0  stm32f1xx_hal_tim_ex.o(.text.HAL_TIMEx_MasterConfigSynchronization)
    [Anonymous Symbol]                       0x08001bdc   Section        0  stm32f1xx_hal_tim.o(.text.HAL_TIM_Base_Init)
    [Anonymous Symbol]                       0x08001d20   Section        0  stm32f1xx_hal_msp.o(.text.HAL_TIM_Base_MspInit)
    [Anonymous Symbol]                       0x08001d94   Section        0  stm32f1xx_hal_tim.o(.text.HAL_TIM_Base_Start_IT)
    [Anonymous Symbol]                       0x08001e10   Section        0  stm32f1xx_hal_tim.o(.text.HAL_TIM_ConfigClockSource)
    [Anonymous Symbol]                       0x08001fa4   Section        0  stm32f1xx_hal_tim.o(.text.HAL_TIM_IC_CaptureCallback)
    [Anonymous Symbol]                       0x08001fa8   Section        0  stm32f1xx_hal_tim.o(.text.HAL_TIM_IRQHandler)
    [Anonymous Symbol]                       0x08002118   Section        0  stm32f1xx_hal_tim.o(.text.HAL_TIM_OC_DelayElapsedCallback)
    [Anonymous Symbol]                       0x0800211c   Section        0  stm32f1xx_hal_tim.o(.text.HAL_TIM_PWM_PulseFinishedCallback)
    [Anonymous Symbol]                       0x08002120   Section        0  main.o(.text.HAL_TIM_PeriodElapsedCallback)
    [Anonymous Symbol]                       0x0800213c   Section        0  stm32f1xx_hal_tim.o(.text.HAL_TIM_TriggerCallback)
    [Anonymous Symbol]                       0x08002140   Section        0  stm32f1xx_hal_uart.o(.text.HAL_UART_Init)
    [Anonymous Symbol]                       0x080021a0   Section        0  stm32f1xx_hal_msp.o(.text.HAL_UART_MspInit)
    [Anonymous Symbol]                       0x0800221c   Section        0  stm32f1xx_hal_uart.o(.text.HAL_UART_Transmit)
    [Anonymous Symbol]                       0x080023c0   Section        0  handle_interupt.o(.text.Handle_Back_Button_Event)
    [Anonymous Symbol]                       0x08002520   Section        0  handle_interupt.o(.text.Handle_Play_Button_Event)
    [Anonymous Symbol]                       0x08002628   Section        0  handle_interupt.o(.text.Handle_Timer_Interupt)
    [Anonymous Symbol]                       0x08002708   Section        0  stm32f1xx_it.o(.text.HardFault_Handler)
    [Anonymous Symbol]                       0x0800270c   Section        0  stm32f1xx_it.o(.text.MemManage_Handler)
    [Anonymous Symbol]                       0x08002710   Section        0  stm32f1xx_it.o(.text.NMI_Handler)
    [Anonymous Symbol]                       0x08002714   Section        0  stm32f1xx_it.o(.text.PendSV_Handler)
    [Anonymous Symbol]                       0x08002718   Section        0  stm32f1xx_it.o(.text.SVC_Handler)
    [Anonymous Symbol]                       0x0800271c   Section        0  ic_audio.o(.text.Start_play)
    [Anonymous Symbol]                       0x08002840   Section        0  ic_audio.o(.text.Start_record)
    [Anonymous Symbol]                       0x0800293c   Section        0  ic_audio.o(.text.Stop_play)
    [Anonymous Symbol]                       0x08002a44   Section        0  ic_audio.o(.text.Stop_record)
    [Anonymous Symbol]                       0x08002bbc   Section        0  stm32f1xx_it.o(.text.SysTick_Handler)
    [Anonymous Symbol]                       0x08002bc0   Section        0  system_stm32f1xx.o(.text.SystemInit)
    [Anonymous Symbol]                       0x08002bc4   Section        0  stm32f1xx_it.o(.text.TIM2_IRQHandler)
    [Anonymous Symbol]                       0x08002bd0   Section        0  stm32f1xx_it.o(.text.TIM3_IRQHandler)
    UART_SetConfig                           0x08002bdd   Thumb Code   232  stm32f1xx_hal_uart.o(.text.UART_SetConfig)
    [Anonymous Symbol]                       0x08002bdc   Section        0  stm32f1xx_hal_uart.o(.text.UART_SetConfig)
    [Anonymous Symbol]                       0x08002cc4   Section        0  stm32f1xx_it.o(.text.UsageFault_Handler)
    [Anonymous Symbol]                       0x08002cc8   Section        0  ic_audio.o(.text.convert_pin_control_to_time_record)
    [Anonymous Symbol]                       0x08002d90   Section        0  ir_remote.o(.text.encode_ir)
    [Anonymous Symbol]                       0x08002ed0   Section        0  ir_remote.o(.text.get_result_ir)
    [Anonymous Symbol]                       0x08002edc   Section        0  handle_interupt.o(.text.handle_event)
    [Anonymous Symbol]                       0x08002fec   Section        0  flash_memory.o(.text.init_flash_memory)
    [Anonymous Symbol]                       0x08003250   Section        0  main.o(.text.main)
    [Anonymous Symbol]                       0x080035f0   Section        0  flash_memory.o(.text.read_variable_from_flash)
    [Anonymous Symbol]                       0x08003e58   Section        0  ic_audio.o(.text.stt_play_to_time_record)
    [Anonymous Symbol]                       0x08003ea8   Section        0  flash_memory.o(.text.write_flash)
    .Lswitch.table.Stop_play.21              0x08004090   Data          20  ic_audio.o(.rodata..Lswitch.table.Stop_play.21)
    .Lswitch.table.Stop_play.22              0x080040a4   Data          10  ic_audio.o(.rodata..Lswitch.table.Stop_play.22)
    .L__const.HAL_RCC_GetSysClockFreq.aPLLMULFactorTable 0x080040c6   Data          16  stm32f1xx_hal_rcc.o(.rodata.cst16)
    .L__const.HAL_RCC_GetSysClockFreq.aPredivFactorTable 0x080040d6   Data          16  stm32f1xx_hal_rcc.o(.rodata.cst16)
    .L.str                                   0x080040e6   Data           5  main.o(.rodata.str1.1)
    [Anonymous Symbol]                       0x080040e6   Section        0  main.o(.rodata.str1.1)
    .L.str.6                                 0x080040eb   Data           7  ic_audio.o(.rodata.str1.1)
    [Anonymous Symbol]                       0x080040eb   Section        0  ic_audio.o(.rodata.str1.1)
    .L.str.5                                 0x080040f2   Data           7  ic_audio.o(.rodata.str1.1)
    .L.str.7                                 0x08004149   Data         135  ic_audio.o(.rodata.str1.1)
    .L.str.10                                0x080041d0   Data          10  ic_audio.o(.rodata.str1.1)
    .L.str.18                                0x080041da   Data          51  handle_interupt.o(.rodata.str1.1)
    [Anonymous Symbol]                       0x080041da   Section        0  handle_interupt.o(.rodata.str1.1)
    .L.str.4                                 0x0800420d   Data          32  handle_interupt.o(.rodata.str1.1)
    .L.str.19                                0x0800422d   Data          51  handle_interupt.o(.rodata.str1.1)
    .L.str.13                                0x08004260   Data          51  handle_interupt.o(.rodata.str1.1)
    .L.str.15                                0x08004293   Data          51  handle_interupt.o(.rodata.str1.1)
    .L.str.14                                0x080042c6   Data          51  handle_interupt.o(.rodata.str1.1)
    .L.str.22                                0x080042f9   Data          51  handle_interupt.o(.rodata.str1.1)
    .L.str.9                                 0x0800432c   Data          34  handle_interupt.o(.rodata.str1.1)
    .L_MergedGlobals                         0x20000000   Data           8  stm32f1xx_hal.o(.data..L_MergedGlobals)
    [Anonymous Symbol]                       0x20000000   Section        0  stm32f1xx_hal.o(.data..L_MergedGlobals)
    .bss                                     0x20000010   Section       96  libspace.o(.bss)
    .L_MergedGlobals                         0x20000070   Data          92  main.o(.bss..L_MergedGlobals)
    [Anonymous Symbol]                       0x20000070   Section        0  main.o(.bss..L_MergedGlobals)
    .L_MergedGlobals                         0x200000cc   Data          20  ic_audio.o(.bss..L_MergedGlobals)
    [Anonymous Symbol]                       0x200000cc   Section        0  ic_audio.o(.bss..L_MergedGlobals)
    .L_MergedGlobals                         0x200000e0   Data          16  handle_interupt.o(.bss..L_MergedGlobals)
    [Anonymous Symbol]                       0x200000e0   Section        0  handle_interupt.o(.bss..L_MergedGlobals)
    Flash_Write_Data.EraseInitStruct         0x200000f0   Data          16  flash_memory.o(.bss.Flash_Write_Data.EraseInitStruct)
    [Anonymous Symbol]                       0x200000f0   Section        0  flash_memory.o(.bss.Flash_Write_Data.EraseInitStruct)
    Heap_Mem                                 0x200001c0   Data         512  startup_stm32f100xb.o(HEAP)
    HEAP                                     0x200001c0   Section      512  startup_stm32f100xb.o(HEAP)
    Stack_Mem                                0x200003c0   Data        1024  startup_stm32f100xb.o(STACK)
    STACK                                    0x200003c0   Section     1024  startup_stm32f100xb.o(STACK)
    __initial_sp                             0x200007c0   Data           0  startup_stm32f100xb.o(STACK)

    Global Symbols

    Symbol Name                              Value     Ov Type        Size  Object(Section)

    BuildAttributes$$THM_ISAv4$P$D$K$B$S$PE$A:L22UL41UL21$X:L11$S22US41US21$IEEE1$IW$~IW$USESV6$~STKCKD$USESV7$~SHL$OTIME$ROPI$EBA8$UX$STANDARDLIB$REQ8$PRES8$EABIv2 0x00000000   Number         0  anon$$obj.o ABSOLUTE
    __fp_init_empty                          0x00000000   Number         0  fpinit_empty.o ABSOLUTE
    __ARM_exceptions_init                     - Undefined Weak Reference
    __alloca_initialize                       - Undefined Weak Reference
    __arm_preinit_                            - Undefined Weak Reference
    __arm_relocate_pie_                       - Undefined Weak Reference
    __cpp_initialize__aeabi_                  - Undefined Weak Reference
    __cxa_finalize                            - Undefined Weak Reference
    __rt_locale                               - Undefined Weak Reference
    __sigvec_lookup                           - Undefined Weak Reference
    _atexit_init                              - Undefined Weak Reference
    _call_atexit_fns                          - Undefined Weak Reference
    _clock_init                               - Undefined Weak Reference
    _fp_trap_init                             - Undefined Weak Reference
    _fp_trap_shutdown                         - Undefined Weak Reference
    _get_lc_collate                           - Undefined Weak Reference
    _get_lc_ctype                             - Undefined Weak Reference
    _get_lc_monetary                          - Undefined Weak Reference
    _get_lc_numeric                           - Undefined Weak Reference
    _get_lc_time                              - Undefined Weak Reference
    _getenv_init                              - Undefined Weak Reference
    _handle_redirection                       - Undefined Weak Reference
    _init_alloc                               - Undefined Weak Reference
    _init_user_alloc                          - Undefined Weak Reference
    _initio                                   - Undefined Weak Reference
    _printf_post_padding                      - Undefined Weak Reference
    _printf_pre_padding                       - Undefined Weak Reference
    _printf_truncate_signed                   - Undefined Weak Reference
    _printf_truncate_unsigned                 - Undefined Weak Reference
    _rand_init                                - Undefined Weak Reference
    _signal_finish                            - Undefined Weak Reference
    _signal_init                              - Undefined Weak Reference
    _terminate_alloc                          - Undefined Weak Reference
    _terminate_user_alloc                     - Undefined Weak Reference
    _terminateio                              - Undefined Weak Reference
    __Vectors_Size                           0x00000120   Number         0  startup_stm32f100xb.o ABSOLUTE
    __Vectors                                0x08000000   Data           4  startup_stm32f100xb.o(RESET)
    __Vectors_End                            0x08000120   Data           0  startup_stm32f100xb.o(RESET)
    __main                                   0x08000121   Thumb Code     8  __main.o(!!!main)
    __scatterload                            0x08000129   Thumb Code     0  __scatter.o(!!!scatter)
    __scatterload_rt2                        0x08000129   Thumb Code    44  __scatter.o(!!!scatter)
    __scatterload_rt2_thumb_only             0x08000129   Thumb Code     0  __scatter.o(!!!scatter)
    __scatterload_null                       0x08000137   Thumb Code     0  __scatter.o(!!!scatter)
    __scatterload_copy                       0x0800015d   Thumb Code    26  __scatter_copy.o(!!handler_copy)
    __scatterload_zeroinit                   0x08000179   Thumb Code    28  __scatter_zi.o(!!handler_zi)
    _printf_d                                0x08000195   Thumb Code     0  _printf_d.o(.ARM.Collect$$_printf_percent$$00000009)
    _printf_percent                          0x08000195   Thumb Code     0  _printf_percent.o(.ARM.Collect$$_printf_percent$$00000000)
    _printf_percent_end                      0x0800019b   Thumb Code     0  _printf_percent_end.o(.ARM.Collect$$_printf_percent$$00000017)
    __rt_lib_init                            0x0800019f   Thumb Code     0  libinit.o(.ARM.Collect$$libinit$$00000000)
    __rt_lib_init_alloca_1                   0x080001a1   Thumb Code     0  libinit2.o(.ARM.Collect$$libinit$$00000030)
    __rt_lib_init_argv_1                     0x080001a1   Thumb Code     0  libinit2.o(.ARM.Collect$$libinit$$0000002E)
    __rt_lib_init_atexit_1                   0x080001a1   Thumb Code     0  libinit2.o(.ARM.Collect$$libinit$$0000001D)
    __rt_lib_init_clock_1                    0x080001a1   Thumb Code     0  libinit2.o(.ARM.Collect$$libinit$$00000023)
    __rt_lib_init_cpp_1                      0x080001a1   Thumb Code     0  libinit2.o(.ARM.Collect$$libinit$$00000034)
    __rt_lib_init_exceptions_1               0x080001a1   Thumb Code     0  libinit2.o(.ARM.Collect$$libinit$$00000032)
    __rt_lib_init_fp_1                       0x080001a1   Thumb Code     0  libinit2.o(.ARM.Collect$$libinit$$00000002)
    __rt_lib_init_fp_trap_1                  0x080001a1   Thumb Code     0  libinit2.o(.ARM.Collect$$libinit$$00000021)
    __rt_lib_init_getenv_1                   0x080001a1   Thumb Code     0  libinit2.o(.ARM.Collect$$libinit$$00000025)
    __rt_lib_init_heap_1                     0x080001a1   Thumb Code     0  libinit2.o(.ARM.Collect$$libinit$$0000000C)
    __rt_lib_init_lc_collate_1               0x080001a1   Thumb Code     0  libinit2.o(.ARM.Collect$$libinit$$00000013)
    __rt_lib_init_lc_ctype_1                 0x080001a1   Thumb Code     0  libinit2.o(.ARM.Collect$$libinit$$00000015)
    __rt_lib_init_lc_monetary_1              0x080001a1   Thumb Code     0  libinit2.o(.ARM.Collect$$libinit$$00000017)
    __rt_lib_init_lc_numeric_1               0x080001a1   Thumb Code     0  libinit2.o(.ARM.Collect$$libinit$$00000019)
    __rt_lib_init_lc_time_1                  0x080001a1   Thumb Code     0  libinit2.o(.ARM.Collect$$libinit$$0000001B)
    __rt_lib_init_preinit_1                  0x080001a1   Thumb Code     0  libinit2.o(.ARM.Collect$$libinit$$00000006)
    __rt_lib_init_rand_1                     0x080001a1   Thumb Code     0  libinit2.o(.ARM.Collect$$libinit$$00000010)
    __rt_lib_init_relocate_pie_1             0x080001a1   Thumb Code     0  libinit2.o(.ARM.Collect$$libinit$$00000004)
    __rt_lib_init_return                     0x080001a1   Thumb Code     0  libinit2.o(.ARM.Collect$$libinit$$00000035)
    __rt_lib_init_signal_1                   0x080001a1   Thumb Code     0  libinit2.o(.ARM.Collect$$libinit$$0000001F)
    __rt_lib_init_stdio_1                    0x080001a1   Thumb Code     0  libinit2.o(.ARM.Collect$$libinit$$00000027)
    __rt_lib_init_user_alloc_1               0x080001a1   Thumb Code     0  libinit2.o(.ARM.Collect$$libinit$$0000000E)
    __rt_lib_shutdown                        0x080001a3   Thumb Code     0  libshutdown.o(.ARM.Collect$$libshutdown$$00000000)
    __rt_lib_shutdown_cpp_1                  0x080001a5   Thumb Code     0  libshutdown2.o(.ARM.Collect$$libshutdown$$00000002)
    __rt_lib_shutdown_fp_trap_1              0x080001a5   Thumb Code     0  libshutdown2.o(.ARM.Collect$$libshutdown$$00000007)
    __rt_lib_shutdown_heap_1                 0x080001a5   Thumb Code     0  libshutdown2.o(.ARM.Collect$$libshutdown$$0000000F)
    __rt_lib_shutdown_return                 0x080001a5   Thumb Code     0  libshutdown2.o(.ARM.Collect$$libshutdown$$00000010)
    __rt_lib_shutdown_signal_1               0x080001a5   Thumb Code     0  libshutdown2.o(.ARM.Collect$$libshutdown$$0000000A)
    __rt_lib_shutdown_stdio_1                0x080001a5   Thumb Code     0  libshutdown2.o(.ARM.Collect$$libshutdown$$00000004)
    __rt_lib_shutdown_user_alloc_1           0x080001a5   Thumb Code     0  libshutdown2.o(.ARM.Collect$$libshutdown$$0000000C)
    __rt_entry                               0x080001a7   Thumb Code     0  __rtentry.o(.ARM.Collect$$rtentry$$00000000)
    __rt_entry_presh_1                       0x080001a7   Thumb Code     0  __rtentry2.o(.ARM.Collect$$rtentry$$00000002)
    __rt_entry_sh                            0x080001a7   Thumb Code     0  __rtentry4.o(.ARM.Collect$$rtentry$$00000004)
    __rt_entry_li                            0x080001ad   Thumb Code     0  __rtentry2.o(.ARM.Collect$$rtentry$$0000000A)
    __rt_entry_postsh_1                      0x080001ad   Thumb Code     0  __rtentry2.o(.ARM.Collect$$rtentry$$00000009)
    __rt_entry_main                          0x080001b1   Thumb Code     0  __rtentry2.o(.ARM.Collect$$rtentry$$0000000D)
    __rt_entry_postli_1                      0x080001b1   Thumb Code     0  __rtentry2.o(.ARM.Collect$$rtentry$$0000000C)
    __rt_exit                                0x080001b9   Thumb Code     0  rtexit.o(.ARM.Collect$$rtexit$$00000000)
    __rt_exit_ls                             0x080001bb   Thumb Code     0  rtexit2.o(.ARM.Collect$$rtexit$$00000003)
    __rt_exit_prels_1                        0x080001bb   Thumb Code     0  rtexit2.o(.ARM.Collect$$rtexit$$00000002)
    __rt_exit_exit                           0x080001bf   Thumb Code     0  rtexit2.o(.ARM.Collect$$rtexit$$00000004)
    Reset_Handler                            0x080001c5   Thumb Code     8  startup_stm32f100xb.o(.text)
    ADC1_IRQHandler                          0x080001df   Thumb Code     0  startup_stm32f100xb.o(.text)
    CEC_IRQHandler                           0x080001df   Thumb Code     0  startup_stm32f100xb.o(.text)
    DMA1_Channel1_IRQHandler                 0x080001df   Thumb Code     0  startup_stm32f100xb.o(.text)
    DMA1_Channel2_IRQHandler                 0x080001df   Thumb Code     0  startup_stm32f100xb.o(.text)
    DMA1_Channel3_IRQHandler                 0x080001df   Thumb Code     0  startup_stm32f100xb.o(.text)
    DMA1_Channel4_IRQHandler                 0x080001df   Thumb Code     0  startup_stm32f100xb.o(.text)
    DMA1_Channel5_IRQHandler                 0x080001df   Thumb Code     0  startup_stm32f100xb.o(.text)
    DMA1_Channel6_IRQHandler                 0x080001df   Thumb Code     0  startup_stm32f100xb.o(.text)
    DMA1_Channel7_IRQHandler                 0x080001df   Thumb Code     0  startup_stm32f100xb.o(.text)
    EXTI1_IRQHandler                         0x080001df   Thumb Code     0  startup_stm32f100xb.o(.text)
    EXTI2_IRQHandler                         0x080001df   Thumb Code     0  startup_stm32f100xb.o(.text)
    EXTI3_IRQHandler                         0x080001df   Thumb Code     0  startup_stm32f100xb.o(.text)
    EXTI4_IRQHandler                         0x080001df   Thumb Code     0  startup_stm32f100xb.o(.text)
    EXTI9_5_IRQHandler                       0x080001df   Thumb Code     0  startup_stm32f100xb.o(.text)
    FLASH_IRQHandler                         0x080001df   Thumb Code     0  startup_stm32f100xb.o(.text)
    I2C1_ER_IRQHandler                       0x080001df   Thumb Code     0  startup_stm32f100xb.o(.text)
    I2C1_EV_IRQHandler                       0x080001df   Thumb Code     0  startup_stm32f100xb.o(.text)
    I2C2_ER_IRQHandler                       0x080001df   Thumb Code     0  startup_stm32f100xb.o(.text)
    I2C2_EV_IRQHandler                       0x080001df   Thumb Code     0  startup_stm32f100xb.o(.text)
    PVD_IRQHandler                           0x080001df   Thumb Code     0  startup_stm32f100xb.o(.text)
    RCC_IRQHandler                           0x080001df   Thumb Code     0  startup_stm32f100xb.o(.text)
    RTC_Alarm_IRQHandler                     0x080001df   Thumb Code     0  startup_stm32f100xb.o(.text)
    RTC_IRQHandler                           0x080001df   Thumb Code     0  startup_stm32f100xb.o(.text)
    SPI1_IRQHandler                          0x080001df   Thumb Code     0  startup_stm32f100xb.o(.text)
    SPI2_IRQHandler                          0x080001df   Thumb Code     0  startup_stm32f100xb.o(.text)
    TAMPER_IRQHandler                        0x080001df   Thumb Code     0  startup_stm32f100xb.o(.text)
    TIM1_BRK_TIM15_IRQHandler                0x080001df   Thumb Code     0  startup_stm32f100xb.o(.text)
    TIM1_CC_IRQHandler                       0x080001df   Thumb Code     0  startup_stm32f100xb.o(.text)
    TIM1_TRG_COM_TIM17_IRQHandler            0x080001df   Thumb Code     0  startup_stm32f100xb.o(.text)
    TIM1_UP_TIM16_IRQHandler                 0x080001df   Thumb Code     0  startup_stm32f100xb.o(.text)
    TIM4_IRQHandler                          0x080001df   Thumb Code     0  startup_stm32f100xb.o(.text)
    TIM6_DAC_IRQHandler                      0x080001df   Thumb Code     0  startup_stm32f100xb.o(.text)
    TIM7_IRQHandler                          0x080001df   Thumb Code     0  startup_stm32f100xb.o(.text)
    USART1_IRQHandler                        0x080001df   Thumb Code     0  startup_stm32f100xb.o(.text)
    USART2_IRQHandler                        0x080001df   Thumb Code     0  startup_stm32f100xb.o(.text)
    USART3_IRQHandler                        0x080001df   Thumb Code     0  startup_stm32f100xb.o(.text)
    WWDG_IRQHandler                          0x080001df   Thumb Code     0  startup_stm32f100xb.o(.text)
    __user_initial_stackheap                 0x080001e1   Thumb Code     0  startup_stm32f100xb.o(.text)
    __2sprintf                               0x08000205   Thumb Code    34  noretval__2sprintf.o(.text)
    __printf                                 0x0800022d   Thumb Code   104  __printf.o(.text)
    _printf_int_dec                          0x08000295   Thumb Code   104  _printf_dec.o(.text)
    strlen                                   0x0800030d   Thumb Code    62  strlen.o(.text)
    __aeabi_memcpy4                          0x0800034b   Thumb Code     0  rt_memcpy_w.o(.text)
    __aeabi_memcpy8                          0x0800034b   Thumb Code     0  rt_memcpy_w.o(.text)
    __rt_memcpy_w                            0x0800034b   Thumb Code   100  rt_memcpy_w.o(.text)
    _memcpy_lastbytes_aligned                0x08000393   Thumb Code     0  rt_memcpy_w.o(.text)
    __aeabi_memclr4                          0x080003af   Thumb Code     0  rt_memclr_w.o(.text)
    __aeabi_memclr8                          0x080003af   Thumb Code     0  rt_memclr_w.o(.text)
    __rt_memclr_w                            0x080003af   Thumb Code     0  rt_memclr_w.o(.text)
    _memset_w                                0x080003b3   Thumb Code    74  rt_memclr_w.o(.text)
    __use_two_region_memory                  0x080003fd   Thumb Code     2  heapauxi.o(.text)
    __rt_heap_escrow$2region                 0x080003ff   Thumb Code     2  heapauxi.o(.text)
    __rt_heap_expand$2region                 0x08000401   Thumb Code     2  heapauxi.o(.text)
    _printf_int_common                       0x08000403   Thumb Code   178  _printf_intcommon.o(.text)
    _printf_char_common                      0x080004bf   Thumb Code    32  _printf_char_common.o(.text)
    _sputc                                   0x080004e5   Thumb Code    10  _sputc.o(.text)
    __user_setup_stackheap                   0x080004ef   Thumb Code    74  sys_stackheap_outer.o(.text)
    exit                                     0x08000539   Thumb Code    18  exit.o(.text)
    __user_libspace                          0x0800054d   Thumb Code     8  libspace.o(.text)
    __user_perproc_libspace                  0x0800054d   Thumb Code     0  libspace.o(.text)
    __user_perthread_libspace                0x0800054d   Thumb Code     0  libspace.o(.text)
    _sys_exit                                0x08000555   Thumb Code     8  sys_exit.o(.text)
    __I$use$semihosting                      0x08000561   Thumb Code     0  use_no_semi.o(.text)
    __use_no_semihosting_swi                 0x08000561   Thumb Code     2  use_no_semi.o(.text)
    __semihosting_library_function           0x08000563   Thumb Code     0  indicate_semi.o(.text)
    BusFault_Handler                         0x08000565   Thumb Code     2  stm32f1xx_it.o(.text.BusFault_Handler)
    DebugMon_Handler                         0x08000569   Thumb Code     2  stm32f1xx_it.o(.text.DebugMon_Handler)
    EXTI0_IRQHandler                         0x080005f1   Thumb Code     6  stm32f1xx_it.o(.text.EXTI0_IRQHandler)
    EXTI15_10_IRQHandler                     0x080005f9   Thumb Code    30  stm32f1xx_it.o(.text.EXTI15_10_IRQHandler)
    Enter_Standby_Mode                       0x08000619   Thumb Code   132  handle_interupt.o(.text.Enter_Standby_Mode)
    FLASH_WaitForLastOperation               0x0800069d   Thumb Code   224  stm32f1xx_hal_flash.o(.text.FLASH_WaitForLastOperation)
    Flash_Write_Data                         0x0800077d   Thumb Code    92  flash_memory.o(.text.Flash_Write_Data)
    HAL_Delay                                0x080007d9   Thumb Code    40  stm32f1xx_hal.o(.text.HAL_Delay)
    HAL_FLASHEx_Erase                        0x08000801   Thumb Code   238  stm32f1xx_hal_flash_ex.o(.text.HAL_FLASHEx_Erase)
    HAL_FLASH_GetError                       0x080008f1   Thumb Code    12  stm32f1xx_hal_flash.o(.text.HAL_FLASH_GetError)
    HAL_FLASH_Lock                           0x080008fd   Thumb Code    20  stm32f1xx_hal_flash.o(.text.HAL_FLASH_Lock)
    HAL_FLASH_Program                        0x08000911   Thumb Code   172  stm32f1xx_hal_flash.o(.text.HAL_FLASH_Program)
    HAL_FLASH_Unlock                         0x080009bd   Thumb Code    46  stm32f1xx_hal_flash.o(.text.HAL_FLASH_Unlock)
    HAL_GPIO_EXTI_Callback                   0x080009ed   Thumb Code   304  handle_interupt.o(.text.HAL_GPIO_EXTI_Callback)
    HAL_GPIO_EXTI_IRQHandler                 0x08000ba1   Thumb Code    22  stm32f1xx_hal_gpio.o(.text.HAL_GPIO_EXTI_IRQHandler)
    HAL_GPIO_Init                            0x08000bb9   Thumb Code   538  stm32f1xx_hal_gpio.o(.text.HAL_GPIO_Init)
    HAL_GPIO_ReadPin                         0x08000dd5   Thumb Code    10  stm32f1xx_hal_gpio.o(.text.HAL_GPIO_ReadPin)
    HAL_GPIO_TogglePin                       0x08000de1   Thumb Code    16  stm32f1xx_hal_gpio.o(.text.HAL_GPIO_TogglePin)
    HAL_GPIO_WritePin                        0x08000df1   Thumb Code    10  stm32f1xx_hal_gpio.o(.text.HAL_GPIO_WritePin)
    HAL_GetTick                              0x08000dfd   Thumb Code    12  stm32f1xx_hal.o(.text.HAL_GetTick)
    HAL_IncTick                              0x08000e09   Thumb Code    26  stm32f1xx_hal.o(.text.HAL_IncTick)
    HAL_Init                                 0x08000e25   Thumb Code    22  stm32f1xx_hal.o(.text.HAL_Init)
    HAL_InitTick                             0x08000e3d   Thumb Code    72  stm32f1xx_hal.o(.text.HAL_InitTick)
    HAL_MspInit                              0x08000e85   Thumb Code    50  stm32f1xx_hal_msp.o(.text.HAL_MspInit)
    HAL_NVIC_EnableIRQ                       0x08000eb9   Thumb Code    38  stm32f1xx_hal_cortex.o(.text.HAL_NVIC_EnableIRQ)
    HAL_NVIC_SetPriority                     0x08000ee1   Thumb Code    86  stm32f1xx_hal_cortex.o(.text.HAL_NVIC_SetPriority)
    HAL_NVIC_SetPriorityGrouping             0x08000f39   Thumb Code    32  stm32f1xx_hal_cortex.o(.text.HAL_NVIC_SetPriorityGrouping)
    HAL_PWR_DisableWakeUpPin                 0x08000f59   Thumb Code    22  stm32f1xx_hal_pwr.o(.text.HAL_PWR_DisableWakeUpPin)
    HAL_PWR_EnableBkUpAccess                 0x08000f71   Thumb Code    12  stm32f1xx_hal_pwr.o(.text.HAL_PWR_EnableBkUpAccess)
    HAL_PWR_EnableWakeUpPin                  0x08000f7d   Thumb Code    22  stm32f1xx_hal_pwr.o(.text.HAL_PWR_EnableWakeUpPin)
    HAL_PWR_EnterSTANDBYMode                 0x08000f95   Thumb Code    36  stm32f1xx_hal_pwr.o(.text.HAL_PWR_EnterSTANDBYMode)
    HAL_RCCEx_GetPeriphCLKFreq               0x08000fb9   Thumb Code   118  stm32f1xx_hal_rcc_ex.o(.text.HAL_RCCEx_GetPeriphCLKFreq)
    HAL_RCCEx_PeriphCLKConfig                0x08001031   Thumb Code   254  stm32f1xx_hal_rcc_ex.o(.text.HAL_RCCEx_PeriphCLKConfig)
    HAL_RCC_ClockConfig                      0x08001131   Thumb Code   316  stm32f1xx_hal_rcc.o(.text.HAL_RCC_ClockConfig)
    HAL_RCC_GetPCLK1Freq                     0x0800126d   Thumb Code    38  stm32f1xx_hal_rcc.o(.text.HAL_RCC_GetPCLK1Freq)
    HAL_RCC_GetPCLK2Freq                     0x08001295   Thumb Code    38  stm32f1xx_hal_rcc.o(.text.HAL_RCC_GetPCLK2Freq)
    HAL_RCC_OscConfig                        0x080012bd   Thumb Code   948  stm32f1xx_hal_rcc.o(.text.HAL_RCC_OscConfig)
    HAL_RTC_Init                             0x08001671   Thumb Code   252  stm32f1xx_hal_rtc.o(.text.HAL_RTC_Init)
    HAL_RTC_MspInit                          0x0800176d   Thumb Code    70  stm32f1xx_hal_msp.o(.text.HAL_RTC_MspInit)
    HAL_RTC_SetDate                          0x080017b5   Thumb Code   528  stm32f1xx_hal_rtc.o(.text.HAL_RTC_SetDate)
    HAL_RTC_SetTime                          0x080019c5   Thumb Code   352  stm32f1xx_hal_rtc.o(.text.HAL_RTC_SetTime)
    HAL_SYSTICK_Config                       0x08001b25   Thumb Code    44  stm32f1xx_hal_cortex.o(.text.HAL_SYSTICK_Config)
    HAL_TIMEx_BreakCallback                  0x08001b51   Thumb Code     2  stm32f1xx_hal_tim_ex.o(.text.HAL_TIMEx_BreakCallback)
    HAL_TIMEx_CommutCallback                 0x08001b55   Thumb Code     2  stm32f1xx_hal_tim_ex.o(.text.HAL_TIMEx_CommutCallback)
    HAL_TIMEx_MasterConfigSynchronization    0x08001b59   Thumb Code   132  stm32f1xx_hal_tim_ex.o(.text.HAL_TIMEx_MasterConfigSynchronization)
    HAL_TIM_Base_Init                        0x08001bdd   Thumb Code   322  stm32f1xx_hal_tim.o(.text.HAL_TIM_Base_Init)
    HAL_TIM_Base_MspInit                     0x08001d21   Thumb Code   116  stm32f1xx_hal_msp.o(.text.HAL_TIM_Base_MspInit)
    HAL_TIM_Base_Start_IT                    0x08001d95   Thumb Code   124  stm32f1xx_hal_tim.o(.text.HAL_TIM_Base_Start_IT)
    HAL_TIM_ConfigClockSource                0x08001e11   Thumb Code   402  stm32f1xx_hal_tim.o(.text.HAL_TIM_ConfigClockSource)
    HAL_TIM_IC_CaptureCallback               0x08001fa5   Thumb Code     2  stm32f1xx_hal_tim.o(.text.HAL_TIM_IC_CaptureCallback)
    HAL_TIM_IRQHandler                       0x08001fa9   Thumb Code   368  stm32f1xx_hal_tim.o(.text.HAL_TIM_IRQHandler)
    HAL_TIM_OC_DelayElapsedCallback          0x08002119   Thumb Code     2  stm32f1xx_hal_tim.o(.text.HAL_TIM_OC_DelayElapsedCallback)
    HAL_TIM_PWM_PulseFinishedCallback        0x0800211d   Thumb Code     2  stm32f1xx_hal_tim.o(.text.HAL_TIM_PWM_PulseFinishedCallback)
    HAL_TIM_PeriodElapsedCallback            0x08002121   Thumb Code    26  main.o(.text.HAL_TIM_PeriodElapsedCallback)
    HAL_TIM_TriggerCallback                  0x0800213d   Thumb Code     2  stm32f1xx_hal_tim.o(.text.HAL_TIM_TriggerCallback)
    HAL_UART_Init                            0x08002141   Thumb Code    94  stm32f1xx_hal_uart.o(.text.HAL_UART_Init)
    HAL_UART_MspInit                         0x080021a1   Thumb Code   122  stm32f1xx_hal_msp.o(.text.HAL_UART_MspInit)
    HAL_UART_Transmit                        0x0800221d   Thumb Code   420  stm32f1xx_hal_uart.o(.text.HAL_UART_Transmit)
    Handle_Back_Button_Event                 0x080023c1   Thumb Code   252  handle_interupt.o(.text.Handle_Back_Button_Event)
    Handle_Play_Button_Event                 0x08002521   Thumb Code   168  handle_interupt.o(.text.Handle_Play_Button_Event)
    Handle_Timer_Interupt                    0x08002629   Thumb Code   164  handle_interupt.o(.text.Handle_Timer_Interupt)
    HardFault_Handler                        0x08002709   Thumb Code     2  stm32f1xx_it.o(.text.HardFault_Handler)
    MemManage_Handler                        0x0800270d   Thumb Code     2  stm32f1xx_it.o(.text.MemManage_Handler)
    NMI_Handler                              0x08002711   Thumb Code     2  stm32f1xx_it.o(.text.NMI_Handler)
    PendSV_Handler                           0x08002715   Thumb Code     2  stm32f1xx_it.o(.text.PendSV_Handler)
    SVC_Handler                              0x08002719   Thumb Code     2  stm32f1xx_it.o(.text.SVC_Handler)
    Start_play                               0x0800271d   Thumb Code   260  ic_audio.o(.text.Start_play)
    Start_record                             0x08002841   Thumb Code   200  ic_audio.o(.text.Start_record)
    Stop_play                                0x0800293d   Thumb Code   240  ic_audio.o(.text.Stop_play)
    Stop_record                              0x08002a45   Thumb Code   324  ic_audio.o(.text.Stop_record)
    SysTick_Handler                          0x08002bbd   Thumb Code     4  stm32f1xx_it.o(.text.SysTick_Handler)
    SystemInit                               0x08002bc1   Thumb Code     2  system_stm32f1xx.o(.text.SystemInit)
    TIM2_IRQHandler                          0x08002bc5   Thumb Code    12  stm32f1xx_it.o(.text.TIM2_IRQHandler)
    TIM3_IRQHandler                          0x08002bd1   Thumb Code    12  stm32f1xx_it.o(.text.TIM3_IRQHandler)
    UsageFault_Handler                       0x08002cc5   Thumb Code     2  stm32f1xx_it.o(.text.UsageFault_Handler)
    convert_pin_control_to_time_record       0x08002cc9   Thumb Code   198  ic_audio.o(.text.convert_pin_control_to_time_record)
    encode_ir                                0x08002d91   Thumb Code   318  ir_remote.o(.text.encode_ir)
    get_result_ir                            0x08002ed1   Thumb Code    12  ir_remote.o(.text.get_result_ir)
    handle_event                             0x08002edd   Thumb Code   232  handle_interupt.o(.text.handle_event)
    init_flash_memory                        0x08002fed   Thumb Code   520  flash_memory.o(.text.init_flash_memory)
    main                                     0x08003251   Thumb Code   928  main.o(.text.main)
    read_variable_from_flash                 0x080035f1   Thumb Code  2100  flash_memory.o(.text.read_variable_from_flash)
    stt_play_to_time_record                  0x08003e59   Thumb Code    80  ic_audio.o(.text.stt_play_to_time_record)
    write_flash                              0x08003ea9   Thumb Code   488  flash_memory.o(.text.write_flash)
    AHBPrescTable                            0x080040ae   Data          16  system_stm32f1xx.o(.rodata.AHBPrescTable)
    APBPrescTable                            0x080040be   Data           8  system_stm32f1xx.o(.rodata.APBPrescTable)
    Region$$Table$$Base                      0x08004350   Number         0  anon$$obj.o(Region$$Table)
    Region$$Table$$Limit                     0x08004370   Number         0  anon$$obj.o(Region$$Table)
    uwTickFreq                               0x20000000   Data           1  stm32f1xx_hal.o(.data..L_MergedGlobals)
    uwTickPrio                               0x20000004   Data           4  stm32f1xx_hal.o(.data..L_MergedGlobals)
    SystemCoreClock                          0x20000008   Data           4  system_stm32f1xx.o(.data.SystemCoreClock)
    __libspace_start                         0x20000010   Data          96  libspace.o(.bss)
    __temporary_stack_top$libspace           0x20000070   Data           0  libspace.o(.bss)
    event_interupt                           0x20000070   Data           1  main.o(.bss..L_MergedGlobals)
    hrtc                                     0x20000074   Data          20  main.o(.bss..L_MergedGlobals)
    huart1                                   0x20000088   Data          68  main.o(.bss..L_MergedGlobals)
    time_record_1                            0x200000cc   Data           4  ic_audio.o(.bss..L_MergedGlobals)
    time_record_2                            0x200000d0   Data           4  ic_audio.o(.bss..L_MergedGlobals)
    time_record_3                            0x200000d4   Data           4  ic_audio.o(.bss..L_MergedGlobals)
    time_record_4                            0x200000d8   Data           4  ic_audio.o(.bss..L_MergedGlobals)
    time_record_5                            0x200000dc   Data           4  ic_audio.o(.bss..L_MergedGlobals)
    time_default                             0x200000e0   Data           2  handle_interupt.o(.bss..L_MergedGlobals)
    time_standy                              0x200000e2   Data           2  handle_interupt.o(.bss..L_MergedGlobals)
    pin_control                              0x200000e4   Data           4  handle_interupt.o(.bss..L_MergedGlobals)
    stt_play                                 0x200000e8   Data           4  handle_interupt.o(.bss..L_MergedGlobals)
    full_record                              0x200000ec   Data           4  handle_interupt.o(.bss..L_MergedGlobals)
    data_ir_remote                           0x20000100   Data           4  ir_remote.o(.bss.data_ir_remote)
    htim2                                    0x20000104   Data          72  main.o(.bss.htim2)
    htim3                                    0x2000014c   Data          72  main.o(.bss.htim3)
    pFlash                                   0x20000198   Data          32  stm32f1xx_hal_flash.o(.bss.pFlash)
    status                                   0x200001b8   Data           1  ic_audio.o(.bss.status)
    uwTick                                   0x200001bc   Data           4  stm32f1xx_hal.o(.bss.uwTick)



==============================================================================

Memory Map of the image

  Image Entry point : 0x08000121

  Load Region LR_IROM1 (Base: 0x08000000, Size: 0x00004380, Max: 0x00010000, ABSOLUTE)

    Execution Region ER_IROM1 (Exec base: 0x08000000, Load base: 0x08000000, Size: 0x00004370, Max: 0x00010000, ABSOLUTE)

    Exec Addr    Load Addr    Size         Type   Attr      Idx    E Section Name        Object

    0x08000000   0x08000000   0x00000120   Data   RO            3    RESET               startup_stm32f100xb.o
    0x08000120   0x08000120   0x00000008   Code   RO         1101  * !!!main             c_w.l(__main.o)
    0x08000128   0x08000128   0x00000034   Code   RO         1275    !!!scatter          c_w.l(__scatter.o)
    0x0800015c   0x0800015c   0x0000001a   Code   RO         1277    !!handler_copy      c_w.l(__scatter_copy.o)
    0x08000176   0x08000176   0x00000002   PAD
    0x08000178   0x08000178   0x0000001c   Code   RO         1279    !!handler_zi        c_w.l(__scatter_zi.o)
    0x08000194   0x08000194   0x00000000   Code   RO         1092    .ARM.Collect$$_printf_percent$$00000000  c_w.l(_printf_percent.o)
    0x08000194   0x08000194   0x00000006   Code   RO         1091    .ARM.Collect$$_printf_percent$$00000009  c_w.l(_printf_d.o)
    0x0800019a   0x0800019a   0x00000004   Code   RO         1110    .ARM.Collect$$_printf_percent$$00000017  c_w.l(_printf_percent_end.o)
    0x0800019e   0x0800019e   0x00000002   Code   RO         1137    .ARM.Collect$$libinit$$00000000  c_w.l(libinit.o)
    0x080001a0   0x080001a0   0x00000000   Code   RO         1144    .ARM.Collect$$libinit$$00000002  c_w.l(libinit2.o)
    0x080001a0   0x080001a0   0x00000000   Code   RO         1146    .ARM.Collect$$libinit$$00000004  c_w.l(libinit2.o)
    0x080001a0   0x080001a0   0x00000000   Code   RO         1148    .ARM.Collect$$libinit$$00000006  c_w.l(libinit2.o)
    0x080001a0   0x080001a0   0x00000000   Code   RO         1151    .ARM.Collect$$libinit$$0000000C  c_w.l(libinit2.o)
    0x080001a0   0x080001a0   0x00000000   Code   RO         1153    .ARM.Collect$$libinit$$0000000E  c_w.l(libinit2.o)
    0x080001a0   0x080001a0   0x00000000   Code   RO         1155    .ARM.Collect$$libinit$$00000010  c_w.l(libinit2.o)
    0x080001a0   0x080001a0   0x00000000   Code   RO         1158    .ARM.Collect$$libinit$$00000013  c_w.l(libinit2.o)
    0x080001a0   0x080001a0   0x00000000   Code   RO         1160    .ARM.Collect$$libinit$$00000015  c_w.l(libinit2.o)
    0x080001a0   0x080001a0   0x00000000   Code   RO         1162    .ARM.Collect$$libinit$$00000017  c_w.l(libinit2.o)
    0x080001a0   0x080001a0   0x00000000   Code   RO         1164    .ARM.Collect$$libinit$$00000019  c_w.l(libinit2.o)
    0x080001a0   0x080001a0   0x00000000   Code   RO         1166    .ARM.Collect$$libinit$$0000001B  c_w.l(libinit2.o)
    0x080001a0   0x080001a0   0x00000000   Code   RO         1168    .ARM.Collect$$libinit$$0000001D  c_w.l(libinit2.o)
    0x080001a0   0x080001a0   0x00000000   Code   RO         1170    .ARM.Collect$$libinit$$0000001F  c_w.l(libinit2.o)
    0x080001a0   0x080001a0   0x00000000   Code   RO         1172    .ARM.Collect$$libinit$$00000021  c_w.l(libinit2.o)
    0x080001a0   0x080001a0   0x00000000   Code   RO         1174    .ARM.Collect$$libinit$$00000023  c_w.l(libinit2.o)
    0x080001a0   0x080001a0   0x00000000   Code   RO         1176    .ARM.Collect$$libinit$$00000025  c_w.l(libinit2.o)
    0x080001a0   0x080001a0   0x00000000   Code   RO         1178    .ARM.Collect$$libinit$$00000027  c_w.l(libinit2.o)
    0x080001a0   0x080001a0   0x00000000   Code   RO         1182    .ARM.Collect$$libinit$$0000002E  c_w.l(libinit2.o)
    0x080001a0   0x080001a0   0x00000000   Code   RO         1184    .ARM.Collect$$libinit$$00000030  c_w.l(libinit2.o)
    0x080001a0   0x080001a0   0x00000000   Code   RO         1186    .ARM.Collect$$libinit$$00000032  c_w.l(libinit2.o)
    0x080001a0   0x080001a0   0x00000000   Code   RO         1188    .ARM.Collect$$libinit$$00000034  c_w.l(libinit2.o)
    0x080001a0   0x080001a0   0x00000002   Code   RO         1189    .ARM.Collect$$libinit$$00000035  c_w.l(libinit2.o)
    0x080001a2   0x080001a2   0x00000002   Code   RO         1211    .ARM.Collect$$libshutdown$$00000000  c_w.l(libshutdown.o)
    0x080001a4   0x080001a4   0x00000000   Code   RO         1226    .ARM.Collect$$libshutdown$$00000002  c_w.l(libshutdown2.o)
    0x080001a4   0x080001a4   0x00000000   Code   RO         1228    .ARM.Collect$$libshutdown$$00000004  c_w.l(libshutdown2.o)
    0x080001a4   0x080001a4   0x00000000   Code   RO         1231    .ARM.Collect$$libshutdown$$00000007  c_w.l(libshutdown2.o)
    0x080001a4   0x080001a4   0x00000000   Code   RO         1234    .ARM.Collect$$libshutdown$$0000000A  c_w.l(libshutdown2.o)
    0x080001a4   0x080001a4   0x00000000   Code   RO         1236    .ARM.Collect$$libshutdown$$0000000C  c_w.l(libshutdown2.o)
    0x080001a4   0x080001a4   0x00000000   Code   RO         1239    .ARM.Collect$$libshutdown$$0000000F  c_w.l(libshutdown2.o)
    0x080001a4   0x080001a4   0x00000002   Code   RO         1240    .ARM.Collect$$libshutdown$$00000010  c_w.l(libshutdown2.o)
    0x080001a6   0x080001a6   0x00000000   Code   RO         1103    .ARM.Collect$$rtentry$$00000000  c_w.l(__rtentry.o)
    0x080001a6   0x080001a6   0x00000000   Code   RO         1112    .ARM.Collect$$rtentry$$00000002  c_w.l(__rtentry2.o)
    0x080001a6   0x080001a6   0x00000006   Code   RO         1124    .ARM.Collect$$rtentry$$00000004  c_w.l(__rtentry4.o)
    0x080001ac   0x080001ac   0x00000000   Code   RO         1114    .ARM.Collect$$rtentry$$00000009  c_w.l(__rtentry2.o)
    0x080001ac   0x080001ac   0x00000004   Code   RO         1115    .ARM.Collect$$rtentry$$0000000A  c_w.l(__rtentry2.o)
    0x080001b0   0x080001b0   0x00000000   Code   RO         1117    .ARM.Collect$$rtentry$$0000000C  c_w.l(__rtentry2.o)
    0x080001b0   0x080001b0   0x00000008   Code   RO         1118    .ARM.Collect$$rtentry$$0000000D  c_w.l(__rtentry2.o)
    0x080001b8   0x080001b8   0x00000002   Code   RO         1141    .ARM.Collect$$rtexit$$00000000  c_w.l(rtexit.o)
    0x080001ba   0x080001ba   0x00000000   Code   RO         1191    .ARM.Collect$$rtexit$$00000002  c_w.l(rtexit2.o)
    0x080001ba   0x080001ba   0x00000004   Code   RO         1192    .ARM.Collect$$rtexit$$00000003  c_w.l(rtexit2.o)
    0x080001be   0x080001be   0x00000006   Code   RO         1193    .ARM.Collect$$rtexit$$00000004  c_w.l(rtexit2.o)
    0x080001c4   0x080001c4   0x00000040   Code   RO            4    .text               startup_stm32f100xb.o
    0x08000204   0x08000204   0x00000028   Code   RO         1065    .text               c_w.l(noretval__2sprintf.o)
    0x0800022c   0x0800022c   0x00000068   Code   RO         1067    .text               c_w.l(__printf.o)
    0x08000294   0x08000294   0x00000078   Code   RO         1069    .text               c_w.l(_printf_dec.o)
    0x0800030c   0x0800030c   0x0000003e   Code   RO         1093    .text               c_w.l(strlen.o)
    0x0800034a   0x0800034a   0x00000064   Code   RO         1095    .text               c_w.l(rt_memcpy_w.o)
    0x080003ae   0x080003ae   0x0000004e   Code   RO         1097    .text               c_w.l(rt_memclr_w.o)
    0x080003fc   0x080003fc   0x00000006   Code   RO         1099    .text               c_w.l(heapauxi.o)
    0x08000402   0x08000402   0x000000b2   Code   RO         1104    .text               c_w.l(_printf_intcommon.o)
    0x080004b4   0x080004b4   0x00000030   Code   RO         1106    .text               c_w.l(_printf_char_common.o)
    0x080004e4   0x080004e4   0x0000000a   Code   RO         1108    .text               c_w.l(_sputc.o)
    0x080004ee   0x080004ee   0x0000004a   Code   RO         1128    .text               c_w.l(sys_stackheap_outer.o)
    0x08000538   0x08000538   0x00000012   Code   RO         1130    .text               c_w.l(exit.o)
    0x0800054a   0x0800054a   0x00000002   PAD
    0x0800054c   0x0800054c   0x00000008   Code   RO         1138    .text               c_w.l(libspace.o)
    0x08000554   0x08000554   0x0000000c   Code   RO         1201    .text               c_w.l(sys_exit.o)
    0x08000560   0x08000560   0x00000002   Code   RO         1216    .text               c_w.l(use_no_semi.o)
    0x08000562   0x08000562   0x00000000   Code   RO         1218    .text               c_w.l(indicate_semi.o)
    0x08000562   0x08000562   0x00000002   PAD
    0x08000564   0x08000564   0x00000002   Code   RO           39    .text.BusFault_Handler  stm32f1xx_it.o
    0x08000566   0x08000566   0x00000002   PAD
    0x08000568   0x08000568   0x00000002   Code   RO           45    .text.DebugMon_Handler  stm32f1xx_it.o
    0x0800056a   0x0800056a   0x00000002   PAD
    0x0800056c   0x0800056c   0x00000082   Code   RO          973    .text.Delay_us      ir_remote.o
    0x080005ee   0x080005ee   0x00000002   PAD
    0x080005f0   0x080005f0   0x00000006   Code   RO           51    .text.EXTI0_IRQHandler  stm32f1xx_it.o
    0x080005f6   0x080005f6   0x00000002   PAD
    0x080005f8   0x080005f8   0x0000001e   Code   RO           57    .text.EXTI15_10_IRQHandler  stm32f1xx_it.o
    0x08000616   0x08000616   0x00000002   PAD
    0x08000618   0x08000618   0x00000084   Code   RO         1042    .text.Enter_Standby_Mode  handle_interupt.o
    0x0800069c   0x0800069c   0x000000e0   Code   RO          437    .text.FLASH_WaitForLastOperation  stm32f1xx_hal_flash.o
    0x0800077c   0x0800077c   0x0000005c   Code   RO          992    .text.Flash_Write_Data  flash_memory.o
    0x080007d8   0x080007d8   0x00000028   Code   RO          204    .text.HAL_Delay     stm32f1xx_hal.o
    0x08000800   0x08000800   0x000000ee   Code   RO          468    .text.HAL_FLASHEx_Erase  stm32f1xx_hal_flash_ex.o
    0x080008ee   0x080008ee   0x00000002   PAD
    0x080008f0   0x080008f0   0x0000000c   Code   RO          457    .text.HAL_FLASH_GetError  stm32f1xx_hal_flash.o
    0x080008fc   0x080008fc   0x00000014   Code   RO          449    .text.HAL_FLASH_Lock  stm32f1xx_hal_flash.o
    0x08000910   0x08000910   0x000000ac   Code   RO          435    .text.HAL_FLASH_Program  stm32f1xx_hal_flash.o
    0x080009bc   0x080009bc   0x0000002e   Code   RO          447    .text.HAL_FLASH_Unlock  stm32f1xx_hal_flash.o
    0x080009ea   0x080009ea   0x00000002   PAD
    0x080009ec   0x080009ec   0x000001b4   Code   RO         1036    .text.HAL_GPIO_EXTI_Callback  handle_interupt.o
    0x08000ba0   0x08000ba0   0x00000016   Code   RO          307    .text.HAL_GPIO_EXTI_IRQHandler  stm32f1xx_hal_gpio.o
    0x08000bb6   0x08000bb6   0x00000002   PAD
    0x08000bb8   0x08000bb8   0x0000021a   Code   RO          295    .text.HAL_GPIO_Init  stm32f1xx_hal_gpio.o
    0x08000dd2   0x08000dd2   0x00000002   PAD
    0x08000dd4   0x08000dd4   0x0000000a   Code   RO          299    .text.HAL_GPIO_ReadPin  stm32f1xx_hal_gpio.o
    0x08000dde   0x08000dde   0x00000002   PAD
    0x08000de0   0x08000de0   0x00000010   Code   RO          303    .text.HAL_GPIO_TogglePin  stm32f1xx_hal_gpio.o
    0x08000df0   0x08000df0   0x0000000a   Code   RO          301    .text.HAL_GPIO_WritePin  stm32f1xx_hal_gpio.o
    0x08000dfa   0x08000dfa   0x00000002   PAD
    0x08000dfc   0x08000dfc   0x0000000c   Code   RO          196    .text.HAL_GetTick   stm32f1xx_hal.o
    0x08000e08   0x08000e08   0x0000001a   Code   RO          194    .text.HAL_IncTick   stm32f1xx_hal.o
    0x08000e22   0x08000e22   0x00000002   PAD
    0x08000e24   0x08000e24   0x00000016   Code   RO          184    .text.HAL_Init      stm32f1xx_hal.o
    0x08000e3a   0x08000e3a   0x00000002   PAD
    0x08000e3c   0x08000e3c   0x00000048   Code   RO          186    .text.HAL_InitTick  stm32f1xx_hal.o
    0x08000e84   0x08000e84   0x00000032   Code   RO           66    .text.HAL_MspInit   stm32f1xx_hal_msp.o
    0x08000eb6   0x08000eb6   0x00000002   PAD
    0x08000eb8   0x08000eb8   0x00000026   Code   RO          355    .text.HAL_NVIC_EnableIRQ  stm32f1xx_hal_cortex.o
    0x08000ede   0x08000ede   0x00000002   PAD
    0x08000ee0   0x08000ee0   0x00000056   Code   RO          353    .text.HAL_NVIC_SetPriority  stm32f1xx_hal_cortex.o
    0x08000f36   0x08000f36   0x00000002   PAD
    0x08000f38   0x08000f38   0x00000020   Code   RO          351    .text.HAL_NVIC_SetPriorityGrouping  stm32f1xx_hal_cortex.o
    0x08000f58   0x08000f58   0x00000016   Code   RO          405    .text.HAL_PWR_DisableWakeUpPin  stm32f1xx_hal_pwr.o
    0x08000f6e   0x08000f6e   0x00000002   PAD
    0x08000f70   0x08000f70   0x0000000c   Code   RO          393    .text.HAL_PWR_EnableBkUpAccess  stm32f1xx_hal_pwr.o
    0x08000f7c   0x08000f7c   0x00000016   Code   RO          403    .text.HAL_PWR_EnableWakeUpPin  stm32f1xx_hal_pwr.o
    0x08000f92   0x08000f92   0x00000002   PAD
    0x08000f94   0x08000f94   0x00000024   Code   RO          413    .text.HAL_PWR_EnterSTANDBYMode  stm32f1xx_hal_pwr.o
    0x08000fb8   0x08000fb8   0x00000076   Code   RO          285    .text.HAL_RCCEx_GetPeriphCLKFreq  stm32f1xx_hal_rcc_ex.o
    0x0800102e   0x0800102e   0x00000002   PAD
    0x08001030   0x08001030   0x000000fe   Code   RO          281    .text.HAL_RCCEx_PeriphCLKConfig  stm32f1xx_hal_rcc_ex.o
    0x0800112e   0x0800112e   0x00000002   PAD
    0x08001130   0x08001130   0x0000013c   Code   RO          248    .text.HAL_RCC_ClockConfig  stm32f1xx_hal_rcc.o
    0x0800126c   0x0800126c   0x00000026   Code   RO          260    .text.HAL_RCC_GetPCLK1Freq  stm32f1xx_hal_rcc.o
    0x08001292   0x08001292   0x00000002   PAD
    0x08001294   0x08001294   0x00000026   Code   RO          262    .text.HAL_RCC_GetPCLK2Freq  stm32f1xx_hal_rcc.o
    0x080012ba   0x080012ba   0x00000002   PAD
    0x080012bc   0x080012bc   0x000003b4   Code   RO          246    .text.HAL_RCC_OscConfig  stm32f1xx_hal_rcc.o
    0x08001670   0x08001670   0x000000fc   Code   RO          102    .text.HAL_RTC_Init  stm32f1xx_hal_rtc.o
    0x0800176c   0x0800176c   0x00000046   Code   RO           68    .text.HAL_RTC_MspInit  stm32f1xx_hal_msp.o
    0x080017b2   0x080017b2   0x00000002   PAD
    0x080017b4   0x080017b4   0x00000210   Code   RO          120    .text.HAL_RTC_SetDate  stm32f1xx_hal_rtc.o
    0x080019c4   0x080019c4   0x00000160   Code   RO          112    .text.HAL_RTC_SetTime  stm32f1xx_hal_rtc.o
    0x08001b24   0x08001b24   0x0000002c   Code   RO          363    .text.HAL_SYSTICK_Config  stm32f1xx_hal_cortex.o
    0x08001b50   0x08001b50   0x00000002   Code   RO          820    .text.HAL_TIMEx_BreakCallback  stm32f1xx_hal_tim_ex.o
    0x08001b52   0x08001b52   0x00000002   PAD
    0x08001b54   0x08001b54   0x00000002   Code   RO          816    .text.HAL_TIMEx_CommutCallback  stm32f1xx_hal_tim_ex.o
    0x08001b56   0x08001b56   0x00000002   PAD
    0x08001b58   0x08001b58   0x00000084   Code   RO          810    .text.HAL_TIMEx_MasterConfigSynchronization  stm32f1xx_hal_tim_ex.o
    0x08001bdc   0x08001bdc   0x00000142   Code   RO          516    .text.HAL_TIM_Base_Init  stm32f1xx_hal_tim.o
    0x08001d1e   0x08001d1e   0x00000002   PAD
    0x08001d20   0x08001d20   0x00000074   Code   RO           72    .text.HAL_TIM_Base_MspInit  stm32f1xx_hal_msp.o
    0x08001d94   0x08001d94   0x0000007c   Code   RO          530    .text.HAL_TIM_Base_Start_IT  stm32f1xx_hal_tim.o
    0x08001e10   0x08001e10   0x00000192   Code   RO          696    .text.HAL_TIM_ConfigClockSource  stm32f1xx_hal_tim.o
    0x08001fa2   0x08001fa2   0x00000002   PAD
    0x08001fa4   0x08001fa4   0x00000002   Code   RO          652    .text.HAL_TIM_IC_CaptureCallback  stm32f1xx_hal_tim.o
    0x08001fa6   0x08001fa6   0x00000002   PAD
    0x08001fa8   0x08001fa8   0x00000170   Code   RO          650    .text.HAL_TIM_IRQHandler  stm32f1xx_hal_tim.o
    0x08002118   0x08002118   0x00000002   Code   RO          654    .text.HAL_TIM_OC_DelayElapsedCallback  stm32f1xx_hal_tim.o
    0x0800211a   0x0800211a   0x00000002   PAD
    0x0800211c   0x0800211c   0x00000002   Code   RO          656    .text.HAL_TIM_PWM_PulseFinishedCallback  stm32f1xx_hal_tim.o
    0x0800211e   0x0800211e   0x00000002   PAD
    0x08002120   0x08002120   0x0000001a   Code   RO           11    .text.HAL_TIM_PeriodElapsedCallback  main.o
    0x0800213a   0x0800213a   0x00000002   PAD
    0x0800213c   0x0800213c   0x00000002   Code   RO          660    .text.HAL_TIM_TriggerCallback  stm32f1xx_hal_tim.o
    0x0800213e   0x0800213e   0x00000002   PAD
    0x08002140   0x08002140   0x0000005e   Code   RO          834    .text.HAL_UART_Init  stm32f1xx_hal_uart.o
    0x0800219e   0x0800219e   0x00000002   PAD
    0x080021a0   0x080021a0   0x0000007a   Code   RO           76    .text.HAL_UART_MspInit  stm32f1xx_hal_msp.o
    0x0800221a   0x0800221a   0x00000002   PAD
    0x0800221c   0x0800221c   0x000001a4   Code   RO          850    .text.HAL_UART_Transmit  stm32f1xx_hal_uart.o
    0x080023c0   0x080023c0   0x00000160   Code   RO         1048    .text.Handle_Back_Button_Event  handle_interupt.o
    0x08002520   0x08002520   0x00000108   Code   RO         1046    .text.Handle_Play_Button_Event  handle_interupt.o
    0x08002628   0x08002628   0x000000e0   Code   RO         1038    .text.Handle_Timer_Interupt  handle_interupt.o
    0x08002708   0x08002708   0x00000002   Code   RO           35    .text.HardFault_Handler  stm32f1xx_it.o
    0x0800270a   0x0800270a   0x00000002   PAD
    0x0800270c   0x0800270c   0x00000002   Code   RO           37    .text.MemManage_Handler  stm32f1xx_it.o
    0x0800270e   0x0800270e   0x00000002   PAD
    0x08002710   0x08002710   0x00000002   Code   RO           33    .text.NMI_Handler   stm32f1xx_it.o
    0x08002712   0x08002712   0x00000002   PAD
    0x08002714   0x08002714   0x00000002   Code   RO           47    .text.PendSV_Handler  stm32f1xx_it.o
    0x08002716   0x08002716   0x00000002   PAD
    0x08002718   0x08002718   0x00000002   Code   RO           43    .text.SVC_Handler   stm32f1xx_it.o
    0x0800271a   0x0800271a   0x00000002   PAD
    0x0800271c   0x0800271c   0x00000124   Code   RO         1017    .text.Start_play    ic_audio.o
    0x08002840   0x08002840   0x000000fc   Code   RO         1013    .text.Start_record  ic_audio.o
    0x0800293c   0x0800293c   0x00000108   Code   RO         1019    .text.Stop_play     ic_audio.o
    0x08002a44   0x08002a44   0x00000178   Code   RO         1015    .text.Stop_record   ic_audio.o
    0x08002bbc   0x08002bbc   0x00000004   Code   RO           49    .text.SysTick_Handler  stm32f1xx_it.o
    0x08002bc0   0x08002bc0   0x00000002   Code   RO          954    .text.SystemInit    system_stm32f1xx.o
    0x08002bc2   0x08002bc2   0x00000002   PAD
    0x08002bc4   0x08002bc4   0x0000000c   Code   RO           53    .text.TIM2_IRQHandler  stm32f1xx_it.o
    0x08002bd0   0x08002bd0   0x0000000c   Code   RO           55    .text.TIM3_IRQHandler  stm32f1xx_it.o
    0x08002bdc   0x08002bdc   0x000000e8   Code   RO          838    .text.UART_SetConfig  stm32f1xx_hal_uart.o
    0x08002cc4   0x08002cc4   0x00000002   Code   RO           41    .text.UsageFault_Handler  stm32f1xx_it.o
    0x08002cc6   0x08002cc6   0x00000002   PAD
    0x08002cc8   0x08002cc8   0x000000c6   Code   RO         1009    .text.convert_pin_control_to_time_record  ic_audio.o
    0x08002d8e   0x08002d8e   0x00000002   PAD
    0x08002d90   0x08002d90   0x0000013e   Code   RO          971    .text.encode_ir     ir_remote.o
    0x08002ece   0x08002ece   0x00000002   PAD
    0x08002ed0   0x08002ed0   0x0000000c   Code   RO          969    .text.get_result_ir  ir_remote.o
    0x08002edc   0x08002edc   0x00000110   Code   RO         1050    .text.handle_event  handle_interupt.o
    0x08002fec   0x08002fec   0x00000264   Code   RO          996    .text.init_flash_memory  flash_memory.o
    0x08003250   0x08003250   0x000003a0   Code   RO           13    .text.main          main.o
    0x080035f0   0x080035f0   0x00000868   Code   RO          988    .text.read_variable_from_flash  flash_memory.o
    0x08003e58   0x08003e58   0x00000050   Code   RO         1011    .text.stt_play_to_time_record  ic_audio.o
    0x08003ea8   0x08003ea8   0x000001e8   Code   RO          986    .text.write_flash   flash_memory.o
    0x08004090   0x08004090   0x00000014   Data   RO         1023    .rodata..Lswitch.table.Stop_play.21  ic_audio.o
    0x080040a4   0x080040a4   0x0000000a   Data   RO         1024    .rodata..Lswitch.table.Stop_play.22  ic_audio.o
    0x080040ae   0x080040ae   0x00000010   Data   RO          959    .rodata.AHBPrescTable  system_stm32f1xx.o
    0x080040be   0x080040be   0x00000008   Data   RO          960    .rodata.APBPrescTable  system_stm32f1xx.o
    0x080040c6   0x080040c6   0x00000020   Data   RO          272    .rodata.cst16       stm32f1xx_hal_rcc.o
    0x080040e6   0x080040e6   0x00000005   Data   RO           20    .rodata.str1.1      main.o
    0x080040eb   0x080040eb   0x000000ef   Data   RO         1022    .rodata.str1.1      ic_audio.o
    0x080041da   0x080041da   0x00000174   Data   RO         1052    .rodata.str1.1      handle_interupt.o
    0x0800434e   0x0800434e   0x00000002   PAD
    0x08004350   0x08004350   0x00000020   Data   RO         1274    Region$$Table       anon$$obj.o


    Execution Region RW_IRAM1 (Exec base: 0x20000000, Load base: 0x08004370, Size: 0x000007c0, Max: 0x00002000, ABSOLUTE)

    Exec Addr    Load Addr    Size         Type   Attr      Idx    E Section Name        Object

    0x20000000   0x08004370   0x00000008   Data   RW          235    .data..L_MergedGlobals  stm32f1xx_hal.o
    0x20000008   0x08004378   0x00000004   Data   RW          958    .data.SystemCoreClock  system_stm32f1xx.o
    0x2000000c   0x0800437c   0x00000004   PAD
    0x20000010        -       0x00000060   Zero   RW         1139    .bss                c_w.l(libspace.o)
    0x20000070        -       0x0000005c   Zero   RW           24    .bss..L_MergedGlobals  main.o
    0x200000cc        -       0x00000014   Zero   RW         1025    .bss..L_MergedGlobals  ic_audio.o
    0x200000e0        -       0x00000010   Zero   RW         1053    .bss..L_MergedGlobals  handle_interupt.o
    0x200000f0        -       0x00000010   Zero   RW          998    .bss.Flash_Write_Data.EraseInitStruct  flash_memory.o
    0x20000100        -       0x00000004   Zero   RW          975    .bss.data_ir_remote  ir_remote.o
    0x20000104        -       0x00000048   Zero   RW           21    .bss.htim2          main.o
    0x2000014c        -       0x00000048   Zero   RW           22    .bss.htim3          main.o
    0x20000194   0x0800437c   0x00000004   PAD
    0x20000198        -       0x00000020   Zero   RW          459    .bss.pFlash         stm32f1xx_hal_flash.o
    0x200001b8        -       0x00000001   Zero   RW         1021    .bss.status         ic_audio.o
    0x200001b9   0x0800437c   0x00000003   PAD
    0x200001bc        -       0x00000004   Zero   RW          234    .bss.uwTick         stm32f1xx_hal.o
    0x200001c0        -       0x00000200   Zero   RW            2    HEAP                startup_stm32f100xb.o
    0x200003c0        -       0x00000400   Zero   RW            1    STACK               startup_stm32f100xb.o


==============================================================================

Image component sizes


      Code (inc. data)   RO Data    RW Data    ZI Data      Debug   Object Name

      3344        144          0          0         16      19783   flash_memory.o
      1680        434        372          0         16       7842   handle_interupt.o
      1462        172        269          0         21       7280   ic_audio.o
       460          0          0          0          4       3485   ir_remote.o
       954          0          5          0        236      10609   main.o
        64         26        288          0       1536        816   startup_stm32f100xb.o
       172          0          0          8          4       5586   stm32f1xx_hal.o
       200          0          0          0          0       8476   stm32f1xx_hal_cortex.o
       474          0          0          0         32       5548   stm32f1xx_hal_flash.o
       238          0          0          0          0       6985   stm32f1xx_hal_flash_ex.o
       596         22          0          0          0       4600   stm32f1xx_hal_gpio.o
       358          0          0          0          0       8526   stm32f1xx_hal_msp.o
        92          0          0          0          0       4251   stm32f1xx_hal_pwr.o
      1340          0         32          0          0       7408   stm32f1xx_hal_rcc.o
       372          0          0          0          0       2993   stm32f1xx_hal_rcc_ex.o
      1132          0          0          0          0      19432   stm32f1xx_hal_rtc.o
      1224          0          0          0          0      54761   stm32f1xx_hal_tim.o
       136          0          0          0          0      20522   stm32f1xx_hal_tim_ex.o
       746          0          0          0          0      22983   stm32f1xx_hal_uart.o
        80          0          0          0          0       4689   stm32f1xx_it.o
         2          0         24          4          0       1679   system_stm32f1xx.o

    ----------------------------------------------------------------------
     15212        798       1024         12       1876     228254   Object Totals
         0          0         32          0          0          0   (incl. Generated)
        86          0          2          0         11          0   (incl. Padding)

    ----------------------------------------------------------------------

      Code (inc. data)   RO Data    RW Data    ZI Data      Debug   Library Member Name

         8          0          0          0          0         68   __main.o
       104          0          0          0          0         84   __printf.o
         0          0          0          0          0          0   __rtentry.o
        12          0          0          0          0          0   __rtentry2.o
         6          0          0          0          0          0   __rtentry4.o
        52          8          0          0          0          0   __scatter.o
        26          0          0          0          0          0   __scatter_copy.o
        28          0          0          0          0          0   __scatter_zi.o
        48          6          0          0          0         96   _printf_char_common.o
         6          0          0          0          0          0   _printf_d.o
       120         16          0          0          0         92   _printf_dec.o
       178          0          0          0          0         88   _printf_intcommon.o
         0          0          0          0          0          0   _printf_percent.o
         4          0          0          0          0          0   _printf_percent_end.o
        10          0          0          0          0         68   _sputc.o
        18          0          0          0          0         80   exit.o
         6          0          0          0          0        152   heapauxi.o
         0          0          0          0          0          0   indicate_semi.o
         2          0          0          0          0          0   libinit.o
         2          0          0          0          0          0   libinit2.o
         2          0          0          0          0          0   libshutdown.o
         2          0          0          0          0          0   libshutdown2.o
         8          4          0          0         96         68   libspace.o
        40          6          0          0          0         84   noretval__2sprintf.o
        78          0          0          0          0         80   rt_memclr_w.o
       100          0          0          0          0         80   rt_memcpy_w.o
         2          0          0          0          0          0   rtexit.o
        10          0          0          0          0          0   rtexit2.o
        62          0          0          0          0         76   strlen.o
        12          4          0          0          0         68   sys_exit.o
        74          0          0          0          0         80   sys_stackheap_outer.o
         2          0          0          0          0         68   use_no_semi.o

    ----------------------------------------------------------------------
      1028         44          0          0         96       1332   Library Totals
         6          0          0          0          0          0   (incl. Padding)

    ----------------------------------------------------------------------

      Code (inc. data)   RO Data    RW Data    ZI Data      Debug   Library Name

      1022         44          0          0         96       1332   c_w.l

    ----------------------------------------------------------------------
      1028         44          0          0         96       1332   Library Totals

    ----------------------------------------------------------------------

==============================================================================


      Code (inc. data)   RO Data    RW Data    ZI Data      Debug   

     16240        842       1024         12       1972     228630   Grand Totals
     16240        842       1024         12       1972     228630   ELF Image Totals
     16240        842       1024         12          0          0   ROM Totals

==============================================================================

    Total RO  Size (Code + RO Data)                17264 (  16.86kB)
    Total RW  Size (RW Data + ZI Data)              1984 (   1.94kB)
    Total ROM Size (Code + RO Data + RW Data)      17276 (  16.87kB)

==============================================================================

